Component: ARM Compiler 5.06 update 6 (build 750) Tool: armlink [4d35ed]

==============================================================================

Section Cross References

    startup_stm32f103xe.o(STACK) refers (Special) to heapauxi.o(.text) for __use_two_region_memory
    startup_stm32f103xe.o(HEAP) refers (Special) to heapauxi.o(.text) for __use_two_region_memory
    startup_stm32f103xe.o(RESET) refers (Special) to heapauxi.o(.text) for __use_two_region_memory
    startup_stm32f103xe.o(RESET) refers to startup_stm32f103xe.o(STACK) for __initial_sp
    startup_stm32f103xe.o(RESET) refers to startup_stm32f103xe.o(.text) for Reset_Handler
    startup_stm32f103xe.o(RESET) refers to stm32f1xx_it.o(i.NMI_Handler) for NMI_Handler
    startup_stm32f103xe.o(RESET) refers to stm32f1xx_it.o(i.HardFault_Handler) for HardFault_Handler
    startup_stm32f103xe.o(RESET) refers to stm32f1xx_it.o(i.MemManage_Handler) for MemManage_Handler
    startup_stm32f103xe.o(RESET) refers to stm32f1xx_it.o(i.BusFault_Handler) for BusFault_Handler
    startup_stm32f103xe.o(RESET) refers to stm32f1xx_it.o(i.UsageFault_Handler) for UsageFault_Handler
    startup_stm32f103xe.o(RESET) refers to port.o(.emb_text) for SVC_Handler
    startup_stm32f103xe.o(RESET) refers to stm32f1xx_it.o(i.DebugMon_Handler) for DebugMon_Handler
    startup_stm32f103xe.o(RESET) refers to port.o(i.SysTick_Handler) for SysTick_Handler
    startup_stm32f103xe.o(RESET) refers to stm32f1xx_it.o(i.DMA1_Channel1_IRQHandler) for DMA1_Channel1_IRQHandler
    startup_stm32f103xe.o(RESET) refers to stm32f1xx_it.o(i.DMA1_Channel4_IRQHandler) for DMA1_Channel4_IRQHandler
    startup_stm32f103xe.o(RESET) refers to stm32f1xx_it.o(i.DMA1_Channel5_IRQHandler) for DMA1_Channel5_IRQHandler
    startup_stm32f103xe.o(RESET) refers to stm32f1xx_it.o(i.DMA1_Channel6_IRQHandler) for DMA1_Channel6_IRQHandler
    startup_stm32f103xe.o(RESET) refers to stm32f1xx_it.o(i.DMA1_Channel7_IRQHandler) for DMA1_Channel7_IRQHandler
    startup_stm32f103xe.o(RESET) refers to stm32f1xx_it.o(i.TIM1_UP_IRQHandler) for TIM1_UP_IRQHandler
    startup_stm32f103xe.o(RESET) refers to stm32f1xx_it.o(i.USART1_IRQHandler) for USART1_IRQHandler
    startup_stm32f103xe.o(RESET) refers to stm32f1xx_it.o(i.USART2_IRQHandler) for USART2_IRQHandler
    startup_stm32f103xe.o(.text) refers (Special) to heapauxi.o(.text) for __use_two_region_memory
    startup_stm32f103xe.o(.text) refers to system_stm32f1xx.o(i.SystemInit) for SystemInit
    startup_stm32f103xe.o(.text) refers to __main.o(!!!main) for __main
    startup_stm32f103xe.o(.text) refers to startup_stm32f103xe.o(HEAP) for Heap_Mem
    startup_stm32f103xe.o(.text) refers to startup_stm32f103xe.o(STACK) for Stack_Mem
    charginghandle.o(i.ChargeCompensation) refers to charginghandle.o(.bss) for .bss
    charginghandle.o(i.ChargeTargetTime) refers to charginghandle.o(.bss) for .bss
    charginghandle.o(i.ChargeTargetTime) refers to mdrtuslave.o(.data) for mdSlave1
    charginghandle.o(i.ChargeTimer) refers to faddsub_clz.o(x$fpl$fadd) for __aeabi_fadd
    charginghandle.o(i.ChargeTimer) refers to charginghandle.o(.data) for .data
    charginghandle.o(i.Charger_Handle) refers to charginghandle.o(i.getMachineState) for getMachineState
    charginghandle.o(i.Charger_Handle) refers to stm32f1xx_hal_gpio.o(i.HAL_GPIO_WritePin) for HAL_GPIO_WritePin
    charginghandle.o(i.Charger_Handle) refers to charginghandle.o(i.getChargingState) for getChargingState
    charginghandle.o(i.Charger_Handle) refers to charginghandle.o(i.ChargingProcess) for ChargingProcess
    charginghandle.o(i.Charger_Handle) refers to charginghandle.o(i.Check_ChargingDisconnection) for Check_ChargingDisconnection
    charginghandle.o(i.Charger_Handle) refers to charginghandle.o(i.StandbyEvent) for StandbyEvent
    charginghandle.o(i.Charger_Handle) refers to charginghandle.o(.data) for .data
    charginghandle.o(i.ChargingProcess) refers to charginghandle.o(i.Get_VoltageMicroCompensate) for Get_VoltageMicroCompensate
    charginghandle.o(i.ChargingProcess) refers to charginghandle.o(i.Set_Voltage) for Set_Voltage
    charginghandle.o(i.ChargingProcess) refers to fmul.o(x$fpl$fmul) for __aeabi_fmul
    charginghandle.o(i.ChargingProcess) refers to mdrtuslave.o(.data) for mdSlave1
    charginghandle.o(i.CheckPassword) refers to charginghandle.o(.data) for .data
    charginghandle.o(i.CheckUserName) refers to charginghandle.o(.data) for .data
    charginghandle.o(i.Check_ChargingDisconnection) refers to stm32f1xx_hal_gpio.o(i.HAL_GPIO_ReadPin) for HAL_GPIO_ReadPin
    charginghandle.o(i.Check_ChargingDisconnection) refers to faddsub_clz.o(x$fpl$fsub) for __aeabi_fsub
    charginghandle.o(i.Check_ChargingDisconnection) refers to frleqf.o(x$fpl$frleqf) for __aeabi_cfrcmple
    charginghandle.o(i.Check_ChargingDisconnection) refers to faddsub_clz.o(x$fpl$fadd) for __aeabi_fadd
    charginghandle.o(i.Check_ChargingDisconnection) refers to fleqf.o(x$fpl$fleqf) for __aeabi_cfcmple
[...]
    Region$$Table$$Base                      0x0802d318   Number         0  anon$$obj.o(Region$$Table)
    Region$$Table$$Limit                     0x0802d338   Number         0  anon$$obj.o(Region$$Table)
    __ctype                                  0x0802d361   Data           0  lc_ctype_c.o(locale$$data)
    shellCommand$$Base                       0x0802d464   Number         0  shell.o(shellCommand)
    shellUserDefault                         0x0802d464   Data          16  shell.o(shellCommand)
    shellCommandsetVar                       0x0802d474   Data          16  shell.o(shellCommand)
    shellKey0x1B5B4100                       0x0802d484   Data          16  shell.o(shellCommand)
    shellKey0x1B5B4200                       0x0802d494   Data          16  shell.o(shellCommand)
    shellKey0x1B5B4300                       0x0802d4a4   Data          16  shell.o(shellCommand)
    shellKey0x1B5B4400                       0x0802d4b4   Data          16  shell.o(shellCommand)
    shellKey0x09000000                       0x0802d4c4   Data          16  shell.o(shellCommand)
    shellKey0x08000000                       0x0802d4d4   Data          16  shell.o(shellCommand)
    shellKey0x7F000000                       0x0802d4e4   Data          16  shell.o(shellCommand)
    shellKey0x1B5B337E                       0x0802d4f4   Data          16  shell.o(shellCommand)
    shellKey0x0A000000                       0x0802d504   Data          16  shell.o(shellCommand)
    shellKey0x0D000000                       0x0802d514   Data          16  shell.o(shellCommand)
    shellCommandhelp                         0x0802d524   Data          16  shell.o(shellCommand)
    shellCommandusers                        0x0802d534   Data          16  shell.o(shellCommand)
    shellCommandcmds                         0x0802d544   Data          16  shell.o(shellCommand)
    shellCommandvars                         0x0802d554   Data          16  shell.o(shellCommand)
    shellCommandkeys                         0x0802d564   Data          16  shell.o(shellCommand)
    shellCommandclear                        0x0802d574   Data          16  shell.o(shellCommand)
    shellCommandexec                         0x0802d584   Data          16  shell.o(shellCommand)
    shellCommand$$Limit                      0x0802d594   Number         0  shell.o(shellCommand)
    g_Timer                                  0x20000004   Data           2  charginghandle.o(.data)
    g_Timer1                                 0x20000006   Data           2  charginghandle.o(.data)
    SetTime                                  0x2000000c   Data           3  charginghandle.o(.data)
    t_ChargingTimes                          0x20000010   Data           4  charginghandle.o(.data)
    g_ChargingQuantity                       0x20000014   Data           4  charginghandle.o(.data)
    SetDate                                  0x2000002c   Data           4  charginghandle.o(.data)
    voltage_KfpFilter                        0x20000030   Data          24  charginghandle.o(.data)
    current_KfpFilter                        0x20000048   Data          24  charginghandle.o(.data)
    DAC_Param_Interval                       0x20000060   Data          96  charginghandle.o(.data)
    mapindex                                 0x200000c0   Data           1  dwin.o(.data)
    g_map                                    0x200000c4   Data         184  dwin.o(.data)
    SamplingHandle                           0x2000017c   Data           4  freertos.o(.data)
    ChargerHandle                            0x20000180   Data           4  freertos.o(.data)
    ReportHandle                             0x20000184   Data           4  freertos.o(.data)
    UpdateHandle                             0x20000188   Data           4  freertos.o(.data)
    IWDGHandle                               0x2000018c   Data           4  freertos.o(.data)
    DwinHandle                               0x20000190   Data           4  freertos.o(.data)
    UserTimerHandle                          0x20000194   Data           4  freertos.o(.data)
    ChargerTimeHandle                        0x20000198   Data           4  freertos.o(.data)
    shellMutexHandle                         0x2000019c   Data           4  freertos.o(.data)
    LTE_ReciveHandle                         0x200001a0   Data           4  freertos.o(.data)
    Dwin_ReciveHandle                        0x200001a4   Data           4  freertos.o(.data)
    stimestructure                           0x200001a8   Data           3  rtc.o(.data)
    sdatestructure                           0x200001ab   Data           4  rtc.o(.data)
    mdSlave1                                 0x20000218   Data           4  mdrtuslave.o(.data)
    mdSlave2                                 0x2000021c   Data           4  mdrtuslave.o(.data)
    uwTickFreq                               0x20000220   Data           1  stm32f1xx_hal.o(.data)
    uwTickPrio                               0x20000224   Data           4  stm32f1xx_hal.o(.data)
    uwTick                                   0x20000228   Data           4  stm32f1xx_hal.o(.data)
    SystemCoreClock                          0x2000022c   Data           4  system_stm32f1xx.o(.data)
    pxCurrentTCB                             0x20000230   Data           4  tasks.o(.data)
    g_Charge                                 0x200002a4   Data          24  charginghandle.o(.bss)
    g_PresentBatteryInfo                     0x200002bc   Data          64  charginghandle.o(.bss)
    Dac                                      0x200002fc   Data         196  clibration.o(.bss)
    g_Dwin                                   0x200003c0   Data         516  dwin.o(.bss)
    AdcDMA_buffer                            0x20000e6c   Data         128  adc.o(.bss)
    hadc1                                    0x20000eec   Data          48  adc.o(.bss)
    hdma_adc1                                0x20000f1c   Data          68  adc.o(.bss)
    hdac                                     0x20000f60   Data          20  dac.o(.bss)
    hiwdg                                    0x20000f74   Data          12  iwdg.o(.bss)
    hrtc                                     0x20000f80   Data          20  rtc.o(.bss)
    huart1                                   0x20000f94   Data          68  usart.o(.bss)
    huart2                                   0x20000fd8   Data          68  usart.o(.bss)
    hdma_usart1_rx                           0x2000101c   Data          68  usart.o(.bss)
    hdma_usart1_tx                           0x20001060   Data          68  usart.o(.bss)
    hdma_usart2_tx                           0x200010a4   Data          68  usart.o(.bss)
    hdma_usart2_rx                           0x200010e8   Data          68  usart.o(.bss)
    htim1                                    0x2000112c   Data          72  stm32f1xx_hal_timebase_tim.o(.bss)
    shell                                    0x20001194   Data         116  shell_port.o(.bss)
    shell_buffer                             0x20001208   Data         512  shell_port.o(.bss)
    pFlash                                   0x20001408   Data          32  stm32f1xx_hal_flash.o(.bss)
    xQueueRegistry                           0x20001428   Data          64  queue.o(.bss)
    __libspace_start                         0x20008e40   Data          96  libspace.o(.bss)
    __temporary_stack_top$libspace           0x20008ea0   Data           0  libspace.o(.bss)



==============================================================================

Memory Map of the image

  Image Entry point : 0x08021d31

  Load Region LR_IROM1 (Base: 0x08021c00, Size: 0x0000bc38, Max: 0x00040000, ABSOLUTE, COMPRESSED[0x0000bae0])

    Execution Region ER_IROM1 (Exec base: 0x08021c00, Load base: 0x08021c00, Size: 0x0000b994, Max: 0x00040000, ABSOLUTE)

    Exec Addr    Load Addr    Size         Type   Attr      Idx    E Section Name        Object

    0x08021c00   0x08021c00   0x00000130   Data   RO            3    RESET               startup_stm32f103xe.o
    0x08021d30   0x08021d30   0x00000008   Code   RO         6819  * !!!main             c_w.l(__main.o)
    0x08021d38   0x08021d38   0x00000034   Code   RO         7208    !!!scatter          c_w.l(__scatter.o)
    0x08021d6c   0x08021d6c   0x0000005a   Code   RO         7206    !!dczerorl2         c_w.l(__dczerorl2.o)
    0x08021dc6   0x08021dc6   0x00000002   PAD
    0x08021dc8   0x08021dc8   0x0000001c   Code   RO         7210    !!handler_zi        c_w.l(__scatter_zi.o)
    0x08021de4   0x08021de4   0x00000000   Code   RO         6955    .ARM.Collect$$_printf_percent$$00000000  c_w.l(_printf_percent.o)
    0x08021de4   0x08021de4   0x00000006   Code   RO         6944    .ARM.Collect$$_printf_percent$$00000001  c_w.l(_printf_n.o)
    0x08021dea   0x08021dea   0x00000006   Code   RO         6946    .ARM.Collect$$_printf_percent$$00000002  c_w.l(_printf_p.o)
    0x08021df0   0x08021df0   0x00000006   Code   RO         6951    .ARM.Collect$$_printf_percent$$00000003  c_w.l(_printf_f.o)
    0x08021df6   0x08021df6   0x00000006   Code   RO         6952    .ARM.Collect$$_printf_percent$$00000004  c_w.l(_printf_e.o)
    0x08021dfc   0x08021dfc   0x00000006   Code   RO         6953    .ARM.Collect$$_printf_percent$$00000005  c_w.l(_printf_g.o)
    0x08021e02   0x08021e02   0x00000006   Code   RO         6954    .ARM.Collect$$_printf_percent$$00000006  c_w.l(_printf_a.o)
    0x08021e08   0x08021e08   0x0000000a   Code   RO         6959    .ARM.Collect$$_printf_percent$$00000007  c_w.l(_printf_ll.o)
    0x08021e12   0x08021e12   0x00000006   Code   RO         6948    .ARM.Collect$$_printf_percent$$00000008  c_w.l(_printf_i.o)
    0x08021e18   0x08021e18   0x00000006   Code   RO         6949    .ARM.Collect$$_printf_percent$$00000009  c_w.l(_printf_d.o)
    0x08021e1e   0x08021e1e   0x00000006   Code   RO         6950    .ARM.Collect$$_printf_percent$$0000000A  c_w.l(_printf_u.o)
    0x08021e24   0x08021e24   0x00000006   Code   RO         6947    .ARM.Collect$$_printf_percent$$0000000B  c_w.l(_printf_o.o)
    0x08021e2a   0x08021e2a   0x00000006   Code   RO         6945    .ARM.Collect$$_printf_percent$$0000000C  c_w.l(_printf_x.o)
    0x08021e30   0x08021e30   0x00000006   Code   RO         6956    .ARM.Collect$$_printf_percent$$0000000D  c_w.l(_printf_lli.o)
    0x08021e36   0x08021e36   0x00000006   Code   RO         6957    .ARM.Collect$$_printf_percent$$0000000E  c_w.l(_printf_lld.o)
    0x08021e3c   0x08021e3c   0x00000006   Code   RO         6958    .ARM.Collect$$_printf_percent$$0000000F  c_w.l(_printf_llu.o)
    0x08021e42   0x08021e42   0x00000006   Code   RO         6963    .ARM.Collect$$_printf_percent$$00000010  c_w.l(_printf_llo.o)
    0x08021e48   0x08021e48   0x00000006   Code   RO         6964    .ARM.Collect$$_printf_percent$$00000011  c_w.l(_printf_llx.o)
    0x08021e4e   0x08021e4e   0x0000000a   Code   RO         6960    .ARM.Collect$$_printf_percent$$00000012  c_w.l(_printf_l.o)
    0x08021e58   0x08021e58   0x00000006   Code   RO         6942    .ARM.Collect$$_printf_percent$$00000013  c_w.l(_printf_c.o)
    0x08021e5e   0x08021e5e   0x00000006   Code   RO         6943    .ARM.Collect$$_printf_percent$$00000014  c_w.l(_printf_s.o)
    0x08021e64   0x08021e64   0x00000006   Code   RO         6961    .ARM.Collect$$_printf_percent$$00000015  c_w.l(_printf_lc.o)
    0x08021e6a   0x08021e6a   0x00000006   Code   RO         6962    .ARM.Collect$$_printf_percent$$00000016  c_w.l(_printf_ls.o)
    0x08021e70   0x08021e70   0x00000004   Code   RO         7016    .ARM.Collect$$_printf_percent$$00000017  c_w.l(_printf_percent_end.o)
    0x08021e74   0x08021e74   0x00000002   Code   RO         7067    .ARM.Collect$$libinit$$00000000  c_w.l(libinit.o)
    0x08021e76   0x08021e76   0x00000000   Code   RO         7083    .ARM.Collect$$libinit$$00000002  c_w.l(libinit2.o)
    0x08021e76   0x08021e76   0x00000000   Code   RO         7085    .ARM.Collect$$libinit$$00000004  c_w.l(libinit2.o)
    0x08021e76   0x08021e76   0x00000000   Code   RO         7088    .ARM.Collect$$libinit$$0000000A  c_w.l(libinit2.o)
    0x08021e76   0x08021e76   0x00000000   Code   RO         7090    .ARM.Collect$$libinit$$0000000C  c_w.l(libinit2.o)
    0x08021e76   0x08021e76   0x00000000   Code   RO         7092    .ARM.Collect$$libinit$$0000000E  c_w.l(libinit2.o)
    0x08021e76   0x08021e76   0x00000006   Code   RO         7093    .ARM.Collect$$libinit$$0000000F  c_w.l(libinit2.o)
    0x08021e7c   0x08021e7c   0x00000000   Code   RO         7095    .ARM.Collect$$libinit$$00000011  c_w.l(libinit2.o)
    0x08021e7c   0x08021e7c   0x0000000c   Code   RO         7096    .ARM.Collect$$libinit$$00000012  c_w.l(libinit2.o)
    0x08021e88   0x08021e88   0x00000000   Code   RO         7097    .ARM.Collect$$libinit$$00000013  c_w.l(libinit2.o)
    0x08021e88   0x08021e88   0x00000000   Code   RO         7099    .ARM.Collect$$libinit$$00000015  c_w.l(libinit2.o)
    0x08021e88   0x08021e88   0x0000000a   Code   RO         7100    .ARM.Collect$$libinit$$00000016  c_w.l(libinit2.o)
    0x08021e92   0x08021e92   0x00000000   Code   RO         7101    .ARM.Collect$$libinit$$00000017  c_w.l(libinit2.o)
    0x08021e92   0x08021e92   0x00000000   Code   RO         7103    .ARM.Collect$$libinit$$00000019  c_w.l(libinit2.o)
    0x08021e92   0x08021e92   0x00000000   Code   RO         7105    .ARM.Collect$$libinit$$0000001B  c_w.l(libinit2.o)
    0x08021e92   0x08021e92   0x00000000   Code   RO         7107    .ARM.Collect$$libinit$$0000001D  c_w.l(libinit2.o)
    0x08021e92   0x08021e92   0x00000000   Code   RO         7109    .ARM.Collect$$libinit$$0000001F  c_w.l(libinit2.o)
    0x08021e92   0x08021e92   0x00000000   Code   RO         7111    .ARM.Collect$$libinit$$00000021  c_w.l(libinit2.o)
    0x08021e92   0x08021e92   0x00000000   Code   RO         7113    .ARM.Collect$$libinit$$00000023  c_w.l(libinit2.o)
    0x08021e92   0x08021e92   0x00000000   Code   RO         7115    .ARM.Collect$$libinit$$00000025  c_w.l(libinit2.o)
    0x08021e92   0x08021e92   0x00000000   Code   RO         7119    .ARM.Collect$$libinit$$0000002C  c_w.l(libinit2.o)
    0x08021e92   0x08021e92   0x00000000   Code   RO         7121    .ARM.Collect$$libinit$$0000002E  c_w.l(libinit2.o)
    0x08021e92   0x08021e92   0x00000000   Code   RO         7123    .ARM.Collect$$libinit$$00000030  c_w.l(libinit2.o)
    0x08021e92   0x08021e92   0x00000000   Code   RO         7125    .ARM.Collect$$libinit$$00000032  c_w.l(libinit2.o)
    0x08021e92   0x08021e92   0x00000002   Code   RO         7126    .ARM.Collect$$libinit$$00000033  c_w.l(libinit2.o)
    0x08021e94   0x08021e94   0x00000002   Code   RO         7146    .ARM.Collect$$libshutdown$$00000000  c_w.l(libshutdown.o)
    0x08021e96   0x08021e96   0x00000000   Code   RO         7159    .ARM.Collect$$libshutdown$$00000002  c_w.l(libshutdown2.o)
    0x08021e96   0x08021e96   0x00000000   Code   RO         7161    .ARM.Collect$$libshutdown$$00000004  c_w.l(libshutdown2.o)
    0x08021e96   0x08021e96   0x00000000   Code   RO         7164    .ARM.Collect$$libshutdown$$00000007  c_w.l(libshutdown2.o)
    0x08021e96   0x08021e96   0x00000000   Code   RO         7167    .ARM.Collect$$libshutdown$$0000000A  c_w.l(libshutdown2.o)
    0x08021e96   0x08021e96   0x00000000   Code   RO         7169    .ARM.Collect$$libshutdown$$0000000C  c_w.l(libshutdown2.o)
    0x08021e96   0x08021e96   0x00000000   Code   RO         7172    .ARM.Collect$$libshutdown$$0000000F  c_w.l(libshutdown2.o)
    0x08021e96   0x08021e96   0x00000002   Code   RO         7173    .ARM.Collect$$libshutdown$$00000010  c_w.l(libshutdown2.o)
    0x08021e98   0x08021e98   0x00000000   Code   RO         6871    .ARM.Collect$$rtentry$$00000000  c_w.l(__rtentry.o)
    0x08021e98   0x08021e98   0x00000000   Code   RO         6987    .ARM.Collect$$rtentry$$00000002  c_w.l(__rtentry2.o)
    0x08021e98   0x08021e98   0x00000006   Code   RO         6999    .ARM.Collect$$rtentry$$00000004  c_w.l(__rtentry4.o)
    0x08021e9e   0x08021e9e   0x00000000   Code   RO         6989    .ARM.Collect$$rtentry$$00000009  c_w.l(__rtentry2.o)
    0x08021e9e   0x08021e9e   0x00000004   Code   RO         6990    .ARM.Collect$$rtentry$$0000000A  c_w.l(__rtentry2.o)
    0x08021ea2   0x08021ea2   0x00000000   Code   RO         6992    .ARM.Collect$$rtentry$$0000000C  c_w.l(__rtentry2.o)
    0x08021ea2   0x08021ea2   0x00000008   Code   RO         6993    .ARM.Collect$$rtentry$$0000000D  c_w.l(__rtentry2.o)
    0x08021eaa   0x08021eaa   0x00000002   Code   RO         7077    .ARM.Collect$$rtexit$$00000000  c_w.l(rtexit.o)
    0x08021eac   0x08021eac   0x00000000   Code   RO         7128    .ARM.Collect$$rtexit$$00000002  c_w.l(rtexit2.o)
    0x08021eac   0x08021eac   0x00000004   Code   RO         7129    .ARM.Collect$$rtexit$$00000003  c_w.l(rtexit2.o)
    0x08021eb0   0x08021eb0   0x00000006   Code   RO         7130    .ARM.Collect$$rtexit$$00000004  c_w.l(rtexit2.o)
    0x08021eb6   0x08021eb6   0x00000002   PAD
    0x08021eb8   0x08021eb8   0x00000096   Code   RO         6718    .emb_text           port.o
    0x08021f4e   0x08021f4e   0x00000002   PAD
    0x08021f50   0x08021f50   0x00000040   Code   RO            4    .text               startup_stm32f103xe.o
    0x08021f90   0x08021f90   0x00000026   Code   RO         6797    .text               c_w.l(llushr.o)
    0x08021fb6   0x08021fb6   0x00000002   PAD
    0x08021fb8   0x08021fb8   0x00000034   Code   RO         6799    .text               c_w.l(vsnprintf.o)
    0x08021fec   0x08021fec   0x0000003e   Code   RO         6801    .text               c_w.l(strlen.o)
    0x0802202a   0x0802202a   0x00000096   Code   RO         6803    .text               c_w.l(strncmp.o)
    0x080220c0   0x080220c0   0x0000008a   Code   RO         6805    .text               c_w.l(rt_memcpy_v6.o)
    0x0802214a   0x0802214a   0x00000064   Code   RO         6807    .text               c_w.l(rt_memcpy_w.o)
    0x080221ae   0x080221ae   0x00000044   Code   RO         6811    .text               c_w.l(rt_memclr.o)
    0x080221f2   0x080221f2   0x0000004e   Code   RO         6813    .text               c_w.l(rt_memclr_w.o)
    0x08022240   0x08022240   0x00000080   Code   RO         6815    .text               c_w.l(strcmpv7m.o)
    0x080222c0   0x080222c0   0x00000006   Code   RO         6817    .text               c_w.l(heapauxi.o)
    0x080222c6   0x080222c6   0x0000004e   Code   RO         6874    .text               c_w.l(_printf_pad.o)
    0x08022314   0x08022314   0x00000024   Code   RO         6876    .text               c_w.l(_printf_truncate.o)
    0x08022338   0x08022338   0x00000052   Code   RO         6878    .text               c_w.l(_printf_str.o)
    0x0802238a   0x0802238a   0x00000002   PAD
    0x0802238c   0x0802238c   0x00000078   Code   RO         6880    .text               c_w.l(_printf_dec.o)
    0x08022404   0x08022404   0x00000028   Code   RO         6882    .text               c_w.l(_printf_charcount.o)
    0x0802242c   0x0802242c   0x00000030   Code   RO         6884    .text               c_w.l(_printf_char_common.o)
    0x0802245c   0x0802245c   0x0000000a   Code   RO         6886    .text               c_w.l(_sputc.o)
    0x08022466   0x08022466   0x00000010   Code   RO         6888    .text               c_w.l(_snputc.o)
    0x08022476   0x08022476   0x00000002   PAD
    0x08022478   0x08022478   0x000000bc   Code   RO         6890    .text               c_w.l(_printf_wctomb.o)
    0x08022534   0x08022534   0x0000007c   Code   RO         6893    .text               c_w.l(_printf_longlong_dec.o)
    0x080225b0   0x080225b0   0x00000070   Code   RO         6899    .text               c_w.l(_printf_oct_int_ll.o)
    0x08022620   0x08022620   0x00000094   Code   RO         6919    .text               c_w.l(_printf_hex_int_ll_ptr.o)
    0x080226b4   0x080226b4   0x00000188   Code   RO         6939    .text               c_w.l(__printf_flags_ss_wp.o)
    0x0802283c   0x0802283c   0x0000008a   Code   RO         7001    .text               c_w.l(lludiv10.o)
    0x080228c6   0x080228c6   0x000000b2   Code   RO         7003    .text               c_w.l(_printf_intcommon.o)
    0x08022978   0x08022978   0x0000041e   Code   RO         7005    .text               c_w.l(_printf_fp_dec.o)
    0x08022d96   0x08022d96   0x00000002   PAD
    0x08022d98   0x08022d98   0x000002fc   Code   RO         7007    .text               c_w.l(_printf_fp_hex.o)
    0x08023094   0x08023094   0x0000002c   Code   RO         7012    .text               c_w.l(_printf_char.o)
    0x080230c0   0x080230c0   0x0000002c   Code   RO         7014    .text               c_w.l(_printf_wchar.o)
    0x080230ec   0x080230ec   0x00000040   Code   RO         7017    .text               c_w.l(_wcrtomb.o)
    0x0802312c   0x0802312c   0x0000004a   Code   RO         7021    .text               c_w.l(sys_stackheap_outer.o)
    0x08023176   0x08023176   0x00000002   PAD
    0x08023178   0x08023178   0x00000010   Code   RO         7023    .text               c_w.l(rt_ctype_table.o)
    0x08023188   0x08023188   0x00000008   Code   RO         7028    .text               c_w.l(rt_locale_intlibspace.o)
    0x08023190   0x08023190   0x00000080   Code   RO         7030    .text               c_w.l(_printf_fp_infnan.o)
    0x08023210   0x08023210   0x000000e4   Code   RO         7032    .text               c_w.l(bigflt0.o)
    0x080232f4   0x080232f4   0x00000012   Code   RO         7060    .text               c_w.l(exit.o)
    0x08023306   0x08023306   0x00000002   PAD
    0x08023308   0x08023308   0x00000008   Code   RO         7074    .text               c_w.l(libspace.o)
    0x08023310   0x08023310   0x0000000c   Code   RO         7138    .text               c_w.l(sys_exit.o)
    0x0802331c   0x0802331c   0x00000002   Code   RO         7149    .text               c_w.l(use_no_semi.o)
    0x0802331e   0x0802331e   0x00000000   Code   RO         7151    .text               c_w.l(indicate_semi.o)
    0x0802331e   0x0802331e   0x0000003e   Code   RO         7035    CL$$btod_d2e        c_w.l(btod.o)
    0x0802335c   0x0802335c   0x00000046   Code   RO         7037    CL$$btod_d2e_denorm_low  c_w.l(btod.o)
    0x080233a2   0x080233a2   0x00000060   Code   RO         7036    CL$$btod_d2e_norm_op1  c_w.l(btod.o)
    0x08023402   0x08023402   0x00000338   Code   RO         7045    CL$$btod_div_common  c_w.l(btod.o)
    0x0802373a   0x0802373a   0x000000dc   Code   RO         7042    CL$$btod_e2e        c_w.l(btod.o)
    0x08023816   0x08023816   0x0000002a   Code   RO         7039    CL$$btod_ediv       c_w.l(btod.o)
    0x08023840   0x08023840   0x0000002a   Code   RO         7038    CL$$btod_emul       c_w.l(btod.o)
    0x0802386a   0x0802386a   0x00000244   Code   RO         7044    CL$$btod_mult_common  c_w.l(btod.o)
    0x08023aae   0x08023aae   0x00000002   PAD
    0x08023ab0   0x08023ab0   0x00000056   Code   RO         2273    i.ADC_ConversionStop_Disable  stm32f1xx_hal_adc.o
    0x08023b06   0x08023b06   0x0000004e   Code   RO         2274    i.ADC_DMAConvCplt   stm32f1xx_hal_adc.o
    0x08023b54   0x08023b54   0x0000001a   Code   RO         2275    i.ADC_DMAError      stm32f1xx_hal_adc.o
    0x08023b6e   0x08023b6e   0x0000000a   Code   RO         2276    i.ADC_DMAHalfConvCplt  stm32f1xx_hal_adc.o
    0x08023b78   0x08023b78   0x0000007c   Code   RO         2277    i.ADC_Enable        stm32f1xx_hal_adc.o
    0x08023bf4   0x08023bf4   0x00000002   Code   RO         1198    i.BusFault_Handler  stm32f1xx_it.o
    0x08023bf6   0x08023bf6   0x00000002   PAD
    0x08023bf8   0x08023bf8   0x00000014   Code   RO           13    i.ChargeCompensation  charginghandle.o
    0x08023c0c   0x08023c0c   0x00000024   Code   RO           14    i.ChargeTargetTime  charginghandle.o
    0x08023c30   0x08023c30   0x00000024   Code   RO           15    i.ChargeTimer       charginghandle.o
    0x08023c54   0x08023c54   0x00000024   Code   RO          819    i.ChargerTime_Callback  freertos.o
    0x08023c78   0x08023c78   0x00000088   Code   RO           16    i.Charger_Handle    charginghandle.o
    0x08023d00   0x08023d00   0x00000020   Code   RO          820    i.Charger_Task      freertos.o
    0x08023d20   0x08023d20   0x00000088   Code   RO           17    i.ChargingProcess   charginghandle.o
    0x08023da8   0x08023da8   0x00000010   Code   RO           18    i.CheckPassword     charginghandle.o
    0x08023db8   0x08023db8   0x00000010   Code   RO           19    i.CheckUserName     charginghandle.o
    0x08023dc8   0x08023dc8   0x000000b8   Code   RO           20    i.Check_ChargingDisconnection  charginghandle.o
    0x08023e80   0x08023e80   0x00000018   Code   RO          821    i.Check_Mode        freertos.o
    0x08023e98   0x08023e98   0x00000018   Code   RO           21    i.Clear_UserInfo    charginghandle.o
    0x08023eb0   0x08023eb0   0x00000028   Code   RO           22    i.ConstantCurrentTargetVoltage  charginghandle.o
    0x08023ed8   0x08023ed8   0x00000028   Code   RO           23    i.ConstantCurrent_Current  charginghandle.o
    0x08023f00   0x08023f00   0x00000028   Code   RO           24    i.ConstantVoltageTargetCurrent  charginghandle.o
    0x08023f28   0x08023f28   0x00000028   Code   RO           25    i.ConstantVoltage_Voltage  charginghandle.o
    0x08023f50   0x08023f50   0x0000000c   Code   RO         1199    i.DMA1_Channel1_IRQHandler  stm32f1xx_it.o
    0x08023f5c   0x08023f5c   0x0000000c   Code   RO         1200    i.DMA1_Channel4_IRQHandler  stm32f1xx_it.o
    0x08023f68   0x08023f68   0x0000000c   Code   RO         1201    i.DMA1_Channel5_IRQHandler  stm32f1xx_it.o
    0x08023f74   0x08023f74   0x0000000c   Code   RO         1202    i.DMA1_Channel6_IRQHandler  stm32f1xx_it.o
    0x08023f80   0x08023f80   0x0000000c   Code   RO         1203    i.DMA1_Channel7_IRQHandler  stm32f1xx_it.o
    0x08023f8c   0x08023f8c   0x0000002a   Code   RO         2927    i.DMA_SetConfig     stm32f1xx_hal_dma.o
    0x08023fb6   0x08023fb6   0x00000002   PAD
    0x08023fb8   0x08023fb8   0x00000050   Code   RO          587    i.DWIN_83H          dwin.o
    0x08024008   0x08024008   0x00000014   Code   RO          588    i.DWIN_AnalyzeApp   dwin.o
    0x0802401c   0x0802401c   0x00000050   Code   RO          594    i.DWIN_PageChange   dwin.o
    0x0802406c   0x0802406c   0x00000034   Code   RO          595    i.DWIN_Poll         dwin.o
    0x080240a0   0x080240a0   0x00000014   Code   RO          598    i.DWIN_Send         dwin.o
    0x080240b4   0x080240b4   0x00000060   Code   RO          601    i.DWIN_WRITE        dwin.o
    0x08024114   0x08024114   0x00000208   Code   RO          549    i.Dac_Clibration    clibration.o
    0x0802431c   0x0802431c   0x00000002   Code   RO         1204    i.DebugMon_Handler  stm32f1xx_it.o
    0x0802431e   0x0802431e   0x000000ac   Code   RO           26    i.Dwin_ReportHadle  charginghandle.o
    0x080243ca   0x080243ca   0x00000002   PAD
    0x080243cc   0x080243cc   0x0000001c   Code   RO          822    i.Dwin_Task         freertos.o
    0x080243e8   0x080243e8   0x00000028   Code   RO         1367    i.Endian_Swap       tool.o
    0x08024410   0x08024410   0x00000004   Code   RO          743    i.Error_Handler     main.o
    0x08024414   0x08024414   0x00000018   Code   RO          707    i.FLASH_Init        flash.o
    0x0802442c   0x0802442c   0x00000024   Code   RO         3367    i.FLASH_MassErase   stm32f1xx_hal_flash_ex.o
    0x08024450   0x08024450   0x00000024   Code   RO         3372    i.FLASH_PageErase   stm32f1xx_hal_flash_ex.o
    0x08024474   0x08024474   0x0000001c   Code   RO         3264    i.FLASH_Program_HalfWord  stm32f1xx_hal_flash.o
    0x08024490   0x08024490   0x00000028   Code   RO          708    i.FLASH_Read        flash.o
    0x080244b8   0x080244b8   0x0000005c   Code   RO         3265    i.FLASH_SetErrorCode  stm32f1xx_hal_flash.o
    0x08024514   0x08024514   0x00000054   Code   RO         3266    i.FLASH_WaitForLastOperation  stm32f1xx_hal_flash.o
    0x08024568   0x08024568   0x00000080   Code   RO          709    i.FLASH_Write       flash.o
    0x080245e8   0x080245e8   0x000001d8   Code   RO           27    i.FlashReadInit     charginghandle.o
    0x080247c0   0x080247c0   0x00000024   Code   RO           28    i.Flash_Operation   charginghandle.o
    0x080247e4   0x080247e4   0x00000024   Code   RO          927    i.GetAdcToDmaValue  adc.o
    0x08024808   0x08024808   0x00000030   Code   RO           29    i.Get_ADCVoltageInterval  charginghandle.o
    0x08024838   0x08024838   0x0000003c   Code   RO           30    i.Get_BaterrryInfo  charginghandle.o
    0x08024874   0x08024874   0x00000036   Code   RO         1368    i.Get_Crc16         tool.o
    0x080248aa   0x080248aa   0x00000002   PAD
    0x080248ac   0x080248ac   0x0000003c   Code   RO           31    i.Get_DACVoltageInterval  charginghandle.o
    0x080248e8   0x080248e8   0x00000044   Code   RO           32    i.Get_Voltage       charginghandle.o
    0x0802492c   0x0802492c   0x00000068   Code   RO           33    i.Get_VoltageMicroCompensate  charginghandle.o
    0x08024994   0x08024994   0x00000058   Code   RO         1071    i.Get_Weak          rtc.o
    0x080249ec   0x080249ec   0x000000fc   Code   RO         2279    i.HAL_ADC_ConfigChannel  stm32f1xx_hal_adc.o
    0x08024ae8   0x08024ae8   0x00000002   Code   RO         2280    i.HAL_ADC_ConvCpltCallback  stm32f1xx_hal_adc.o
    0x08024aea   0x08024aea   0x00000002   Code   RO         2281    i.HAL_ADC_ConvHalfCpltCallback  stm32f1xx_hal_adc.o
    0x08024aec   0x08024aec   0x00000002   Code   RO         2283    i.HAL_ADC_ErrorCallback  stm32f1xx_hal_adc.o
    0x08024aee   0x08024aee   0x00000002   PAD
    0x08024af0   0x08024af0   0x00000120   Code   RO         2288    i.HAL_ADC_Init      stm32f1xx_hal_adc.o
    0x08024c10   0x08024c10   0x00000094   Code   RO          929    i.HAL_ADC_MspInit   adc.o
    0x08024ca4   0x08024ca4   0x0000010c   Code   RO         2295    i.HAL_ADC_Start_DMA  stm32f1xx_hal_adc.o
    0x08024db0   0x08024db0   0x00000046   Code   RO         3527    i.HAL_DAC_ConfigChannel  stm32f1xx_hal_dac.o
    0x08024df6   0x08024df6   0x00000028   Code   RO         3537    i.HAL_DAC_Init      stm32f1xx_hal_dac.o
    0x08024e1e   0x08024e1e   0x00000002   PAD
    0x08024e20   0x08024e20   0x00000058   Code   RO          976    i.HAL_DAC_MspInit   dac.o
    0x08024e78   0x08024e78   0x0000001a   Code   RO         3540    i.HAL_DAC_SetValue  stm32f1xx_hal_dac.o
    0x08024e92   0x08024e92   0x0000005c   Code   RO         3541    i.HAL_DAC_Start     stm32f1xx_hal_dac.o
    0x08024eee   0x08024eee   0x00000046   Code   RO         2928    i.HAL_DMA_Abort     stm32f1xx_hal_dma.o
    0x08024f34   0x08024f34   0x00000130   Code   RO         2929    i.HAL_DMA_Abort_IT  stm32f1xx_hal_dma.o
    0x08025064   0x08025064   0x00000248   Code   RO         2933    i.HAL_DMA_IRQHandler  stm32f1xx_hal_dma.o
    0x080252ac   0x080252ac   0x0000007c   Code   RO         2934    i.HAL_DMA_Init      stm32f1xx_hal_dma.o
    0x08025328   0x08025328   0x00000070   Code   RO         2938    i.HAL_DMA_Start_IT  stm32f1xx_hal_dma.o
    0x08025398   0x08025398   0x00000024   Code   RO         2556    i.HAL_Delay         stm32f1xx_hal.o
    0x080253bc   0x080253bc   0x000000a8   Code   RO         3373    i.HAL_FLASHEx_Erase  stm32f1xx_hal_flash_ex.o
    0x08025464   0x08025464   0x00000014   Code   RO         3270    i.HAL_FLASH_Lock    stm32f1xx_hal_flash.o
    0x08025478   0x08025478   0x00000080   Code   RO         3275    i.HAL_FLASH_Program  stm32f1xx_hal_flash.o
    0x080254f8   0x080254f8   0x00000028   Code   RO         3277    i.HAL_FLASH_Unlock  stm32f1xx_hal_flash.o
    0x08025520   0x08025520   0x000001f8   Code   RO         2864    i.HAL_GPIO_Init     stm32f1xx_hal_gpio.o
    0x08025718   0x08025718   0x0000000a   Code   RO         2866    i.HAL_GPIO_ReadPin  stm32f1xx_hal_gpio.o
    0x08025722   0x08025722   0x0000000a   Code   RO         2868    i.HAL_GPIO_WritePin  stm32f1xx_hal_gpio.o
    0x0802572c   0x0802572c   0x0000000c   Code   RO         2560    i.HAL_GetTick       stm32f1xx_hal.o
    0x08025738   0x08025738   0x0000005a   Code   RO         3764    i.HAL_IWDG_Init     stm32f1xx_hal_iwdg.o
    0x08025792   0x08025792   0x0000000c   Code   RO         3765    i.HAL_IWDG_Refresh  stm32f1xx_hal_iwdg.o
    0x0802579e   0x0802579e   0x00000002   PAD
    0x080257a0   0x080257a0   0x00000010   Code   RO         2566    i.HAL_IncTick       stm32f1xx_hal.o
    0x080257b0   0x080257b0   0x00000024   Code   RO         2567    i.HAL_Init          stm32f1xx_hal.o
    0x080257d4   0x080257d4   0x00000074   Code   RO         1328    i.HAL_InitTick      stm32f1xx_hal_timebase_tim.o
    0x08025848   0x08025848   0x00000048   Code   RO         1304    i.HAL_MspInit       stm32f1xx_hal_msp.o
    0x08025890   0x08025890   0x0000001a   Code   RO         3024    i.HAL_NVIC_EnableIRQ  stm32f1xx_hal_cortex.o
    0x080258aa   0x080258aa   0x00000002   PAD
    0x080258ac   0x080258ac   0x00000040   Code   RO         3030    i.HAL_NVIC_SetPriority  stm32f1xx_hal_cortex.o
    0x080258ec   0x080258ec   0x00000024   Code   RO         3031    i.HAL_NVIC_SetPriorityGrouping  stm32f1xx_hal_cortex.o
    0x08025910   0x08025910   0x0000000c   Code   RO         3146    i.HAL_PWR_EnableBkUpAccess  stm32f1xx_hal_pwr.o
    0x0802591c   0x0802591c   0x000000d4   Code   RO         2826    i.HAL_RCCEx_GetPeriphCLKFreq  stm32f1xx_hal_rcc_ex.o
    0x080259f0   0x080259f0   0x000000ec   Code   RO         2827    i.HAL_RCCEx_PeriphCLKConfig  stm32f1xx_hal_rcc_ex.o
    0x08025adc   0x08025adc   0x0000012c   Code   RO         2724    i.HAL_RCC_ClockConfig  stm32f1xx_hal_rcc.o
    0x08025c08   0x08025c08   0x00000040   Code   RO         2728    i.HAL_RCC_GetClockConfig  stm32f1xx_hal_rcc.o
    0x08025c48   0x08025c48   0x00000020   Code   RO         2731    i.HAL_RCC_GetPCLK1Freq  stm32f1xx_hal_rcc.o
    0x08025c68   0x08025c68   0x00000020   Code   RO         2732    i.HAL_RCC_GetPCLK2Freq  stm32f1xx_hal_rcc.o
    0x08025c88   0x08025c88   0x0000006c   Code   RO         2733    i.HAL_RCC_GetSysClockFreq  stm32f1xx_hal_rcc.o
    0x08025cf4   0x08025cf4   0x00000320   Code   RO         2736    i.HAL_RCC_OscConfig  stm32f1xx_hal_rcc.o
    0x08026014   0x08026014   0x00000010   Code   RO         3964    i.HAL_RTCEx_BKUPRead  stm32f1xx_hal_rtc_ex.o
    0x08026024   0x08026024   0x00000010   Code   RO         3965    i.HAL_RTCEx_BKUPWrite  stm32f1xx_hal_rtc_ex.o
    0x08026034   0x08026034   0x000000a0   Code   RO         3802    i.HAL_RTC_Init      stm32f1xx_hal_rtc.o
    0x080260d4   0x080260d4   0x00000034   Code   RO         1073    i.HAL_RTC_MspInit   rtc.o
    0x08026108   0x08026108   0x000000c4   Code   RO         3808    i.HAL_RTC_SetDate   stm32f1xx_hal_rtc.o
    0x080261cc   0x080261cc   0x000000ac   Code   RO         3809    i.HAL_RTC_SetTime   stm32f1xx_hal_rtc.o
    0x08026278   0x08026278   0x0000003a   Code   RO         3810    i.HAL_RTC_WaitForSynchro  stm32f1xx_hal_rtc.o
    0x080262b2   0x080262b2   0x00000002   Code   RO         4772    i.HAL_TIMEx_BreakCallback  stm32f1xx_hal_tim_ex.o
    0x080262b4   0x080262b4   0x00000002   Code   RO         4773    i.HAL_TIMEx_CommutCallback  stm32f1xx_hal_tim_ex.o
    0x080262b6   0x080262b6   0x0000005a   Code   RO         4068    i.HAL_TIM_Base_Init  stm32f1xx_hal_tim.o
    0x08026310   0x08026310   0x00000002   Code   RO         4070    i.HAL_TIM_Base_MspInit  stm32f1xx_hal_tim.o
    0x08026312   0x08026312   0x00000002   PAD
    0x08026314   0x08026314   0x0000006c   Code   RO         4073    i.HAL_TIM_Base_Start_IT  stm32f1xx_hal_tim.o
    0x08026380   0x08026380   0x00000002   Code   RO         4102    i.HAL_TIM_IC_CaptureCallback  stm32f1xx_hal_tim.o
    0x08026382   0x08026382   0x00000166   Code   RO         4116    i.HAL_TIM_IRQHandler  stm32f1xx_hal_tim.o
    0x080264e8   0x080264e8   0x00000002   Code   RO         4119    i.HAL_TIM_OC_DelayElapsedCallback  stm32f1xx_hal_tim.o
    0x080264ea   0x080264ea   0x00000002   Code   RO         4146    i.HAL_TIM_PWM_PulseFinishedCallback  stm32f1xx_hal_tim.o
    0x080264ec   0x080264ec   0x00000014   Code   RO          744    i.HAL_TIM_PeriodElapsedCallback  main.o
    0x08026500   0x08026500   0x00000002   Code   RO         4159    i.HAL_TIM_TriggerCallback  stm32f1xx_hal_tim.o
    0x08026502   0x08026502   0x00000002   Code   RO         5050    i.HAL_UARTEx_RxEventCallback  stm32f1xx_hal_uart.o
    0x08026504   0x08026504   0x00000058   Code   RO         5062    i.HAL_UART_DMAStop  stm32f1xx_hal_uart.o
    0x0802655c   0x0802655c   0x00000002   Code   RO         5064    i.HAL_UART_ErrorCallback  stm32f1xx_hal_uart.o
    0x0802655e   0x0802655e   0x00000002   PAD
    0x08026560   0x08026560   0x0000020c   Code   RO         5067    i.HAL_UART_IRQHandler  stm32f1xx_hal_uart.o
    0x0802676c   0x0802676c   0x00000062   Code   RO         5068    i.HAL_UART_Init     stm32f1xx_hal_uart.o
    0x080267ce   0x080267ce   0x00000002   PAD
    0x080267d0   0x080267d0   0x000001a4   Code   RO         1151    i.HAL_UART_MspInit  usart.o
    0x08026974   0x08026974   0x000000c0   Code   RO         5071    i.HAL_UART_Receive  stm32f1xx_hal_uart.o
    0x08026a34   0x08026a34   0x0000002a   Code   RO         5072    i.HAL_UART_Receive_DMA  stm32f1xx_hal_uart.o
    0x08026a5e   0x08026a5e   0x00000002   Code   RO         5074    i.HAL_UART_RxCpltCallback  stm32f1xx_hal_uart.o
    0x08026a60   0x08026a60   0x00000002   Code   RO         5075    i.HAL_UART_RxHalfCpltCallback  stm32f1xx_hal_uart.o
    0x08026a62   0x08026a62   0x00000002   PAD
    0x08026a64   0x08026a64   0x000000b2   Code   RO         5076    i.HAL_UART_Transmit  stm32f1xx_hal_uart.o
    0x08026b16   0x08026b16   0x00000002   PAD
    0x08026b18   0x08026b18   0x00000080   Code   RO         5077    i.HAL_UART_Transmit_DMA  stm32f1xx_hal_uart.o
    0x08026b98   0x08026b98   0x00000002   Code   RO         5079    i.HAL_UART_TxCpltCallback  stm32f1xx_hal_uart.o
    0x08026b9a   0x08026b9a   0x00000002   Code   RO         5080    i.HAL_UART_TxHalfCpltCallback  stm32f1xx_hal_uart.o
    0x08026b9c   0x08026b9c   0x00000002   Code   RO         1205    i.HardFault_Handler  stm32f1xx_it.o
    0x08026b9e   0x08026b9e   0x00000020   Code   RO           34    i.InputCancel       charginghandle.o
    0x08026bbe   0x08026bbe   0x00000002   PAD
    0x08026bc0   0x08026bc0   0x000000a4   Code   RO           35    i.InputConfirm      charginghandle.o
    0x08026c64   0x08026c64   0x00000026   Code   RO         1074    i.IsLeapYear        rtc.o
    0x08026c8a   0x08026c8a   0x00000002   PAD
    0x08026c8c   0x08026c8c   0x00000038   Code   RO          823    i.Iwdg_Task         freertos.o
    0x08026cc4   0x08026cc4   0x0000006c   Code   RO          930    i.MX_ADC1_Init      adc.o
    0x08026d30   0x08026d30   0x0000003c   Code   RO          977    i.MX_DAC_Init       dac.o
    0x08026d6c   0x08026d6c   0x0000006c   Code   RO         1017    i.MX_DMA_Init       dma.o
    0x08026dd8   0x08026dd8   0x00000104   Code   RO          824    i.MX_FREERTOS_Init  freertos.o
    0x08026edc   0x08026edc   0x00000134   Code   RO          795    i.MX_GPIO_Init      gpio.o
    0x08027010   0x08027010   0x0000002c   Code   RO         1041    i.MX_IWDG_Init      iwdg.o
    0x0802703c   0x0802703c   0x0000003c   Code   RO         2093    i.MX_ModbusInit     mdrtuslave.o
    0x08027078   0x08027078   0x000000ac   Code   RO         1075    i.MX_RTC_Init       rtc.o
    0x08027124   0x08027124   0x00000030   Code   RO         1843    i.MX_ShellInit      shell_port.o
    0x08027154   0x08027154   0x00000038   Code   RO         1152    i.MX_USART1_UART_Init  usart.o
    0x0802718c   0x0802718c   0x00000038   Code   RO         1153    i.MX_USART2_UART_Init  usart.o
    0x080271c4   0x080271c4   0x00000002   Code   RO         1206    i.MemManage_Handler  stm32f1xx_it.o
    0x080271c6   0x080271c6   0x00000002   Code   RO         1207    i.NMI_Handler       stm32f1xx_it.o
    0x080271c8   0x080271c8   0x00000070   Code   RO           36    i.OtherEvent        charginghandle.o
    0x08027238   0x08027238   0x00000012   Code   RO         3811    i.RTC_Bcd2ToByte    stm32f1xx_hal_rtc.o
    0x0802724a   0x0802724a   0x00000034   Code   RO         3814    i.RTC_EnterInitMode  stm32f1xx_hal_rtc.o
    0x0802727e   0x0802727e   0x00000002   PAD
    0x08027280   0x08027280   0x00000036   Code   RO         3815    i.RTC_ExitInitMode  stm32f1xx_hal_rtc.o
    0x080272b6   0x080272b6   0x0000000e   Code   RO         3816    i.RTC_ReadAlarmCounter  stm32f1xx_hal_rtc.o
    0x080272c4   0x080272c4   0x00000020   Code   RO         3817    i.RTC_ReadTimeCounter  stm32f1xx_hal_rtc.o
    0x080272e4   0x080272e4   0x00000056   Code   RO         3818    i.RTC_WeekDayNum    stm32f1xx_hal_rtc.o
    0x0802733a   0x0802733a   0x00000028   Code   RO         3819    i.RTC_WriteAlarmCounter  stm32f1xx_hal_rtc.o
    0x08027362   0x08027362   0x00000028   Code   RO         3820    i.RTC_WriteTimeCounter  stm32f1xx_hal_rtc.o
    0x0802738a   0x0802738a   0x00000002   PAD
    0x0802738c   0x0802738c   0x0000003c   Code   RO           37    i.Report_BackChargingData  charginghandle.o
    0x080273c8   0x080273c8   0x000000ec   Code   RO           38    i.Report_DataHandle  charginghandle.o
    0x080274b4   0x080274b4   0x00000068   Code   RO           39    i.Report_RealTime   charginghandle.o
    0x0802751c   0x0802751c   0x00000024   Code   RO          825    i.Report_Task       freertos.o
    0x08027540   0x08027540   0x0000002c   Code   RO           40    i.Reset_ChargingVoltage  charginghandle.o
    0x0802756c   0x0802756c   0x00000002   Code   RO           41    i.RestoreFactory    charginghandle.o
    0x0802756e   0x0802756e   0x00000020   Code   RO          826    i.Sampling_Task     freertos.o
    0x0802758e   0x0802758e   0x00000002   PAD
    0x08027590   0x08027590   0x0000005c   Code   RO           42    i.Sampling_handle   charginghandle.o
    0x080275ec   0x080275ec   0x0000002c   Code   RO           43    i.SetBatteryCapacity  charginghandle.o
    0x08027618   0x08027618   0x00000050   Code   RO         1076    i.SetRtcCount       rtc.o
    0x08027668   0x08027668   0x00000070   Code   RO           44    i.Set_BaterrryCurrentInfo  charginghandle.o
    0x080276d8   0x080276d8   0x00000016   Code   RO           45    i.Set_BaterrryInfo  charginghandle.o
    0x080276ee   0x080276ee   0x00000002   PAD
    0x080276f0   0x080276f0   0x0000009c   Code   RO           46    i.Set_BaterrryVoltageInfo  charginghandle.o
    0x0802778c   0x0802778c   0x0000000c   Code   RO           47    i.Set_Date          charginghandle.o
    0x08027798   0x08027798   0x0000000c   Code   RO           48    i.Set_Hour          charginghandle.o
    0x080277a4   0x080277a4   0x0000000c   Code   RO           49    i.Set_Min           charginghandle.o
    0x080277b0   0x080277b0   0x0000000c   Code   RO           50    i.Set_Month         charginghandle.o
    0x080277bc   0x080277bc   0x0000000c   Code   RO           51    i.Set_Sec           charginghandle.o
    0x080277c8   0x080277c8   0x00000028   Code   RO           52    i.Set_SecondBootvoltage  charginghandle.o
    0x080277f0   0x080277f0   0x00000024   Code   RO           53    i.Set_UnitElements  charginghandle.o
    0x08027814   0x08027814   0x0000006c   Code   RO           54    i.Set_Voltage       charginghandle.o
    0x08027880   0x08027880   0x0000000c   Code   RO           55    i.Set_Year          charginghandle.o
    0x0802788c   0x0802788c   0x00000020   Code   RO           56    i.Setting_RealTime  charginghandle.o
    0x080278ac   0x080278ac   0x000000d8   Code   RO         1077    i.Stamp2time        rtc.o
    0x08027984   0x08027984   0x00000070   Code   RO           57    i.StandbyEvent      charginghandle.o
    0x080279f4   0x080279f4   0x0000002c   Code   RO         6719    i.SysTick_Handler   port.o
    0x08027a20   0x08027a20   0x00000086   Code   RO          745    i.SystemClock_Config  main.o
    0x08027aa6   0x08027aa6   0x00000002   PAD
    0x08027aa8   0x08027aa8   0x00000010   Code   RO         5397    i.SystemInit        system_stm32f1xx.o
    0x08027ab8   0x08027ab8   0x0000000c   Code   RO         1208    i.TIM1_UP_IRQHandler  stm32f1xx_it.o
    0x08027ac4   0x08027ac4   0x0000008c   Code   RO         4161    i.TIM_Base_SetConfig  stm32f1xx_hal_tim.o
    0x08027b50   0x08027b50   0x00000028   Code   RO           58    i.TrickleChargeCurrent  charginghandle.o
    0x08027b78   0x08027b78   0x00000028   Code   RO           59    i.TrickleChargeTargetVoltage  charginghandle.o
    0x08027ba0   0x08027ba0   0x00000010   Code   RO         5081    i.UART_DMAAbortOnError  stm32f1xx_hal_uart.o
    0x08027bb0   0x08027bb0   0x0000004a   Code   RO         5082    i.UART_DMAError     stm32f1xx_hal_uart.o
    0x08027bfa   0x08027bfa   0x0000005a   Code   RO         5083    i.UART_DMAReceiveCplt  stm32f1xx_hal_uart.o
    0x08027c54   0x08027c54   0x0000001a   Code   RO         5085    i.UART_DMARxHalfCplt  stm32f1xx_hal_uart.o
    0x08027c6e   0x08027c6e   0x0000002e   Code   RO         5087    i.UART_DMATransmitCplt  stm32f1xx_hal_uart.o
    0x08027c9c   0x08027c9c   0x0000000a   Code   RO         5089    i.UART_DMATxHalfCplt  stm32f1xx_hal_uart.o
    0x08027ca6   0x08027ca6   0x00000030   Code   RO         5091    i.UART_EndRxTransfer  stm32f1xx_hal_uart.o
    0x08027cd6   0x08027cd6   0x00000012   Code   RO         5092    i.UART_EndTxTransfer  stm32f1xx_hal_uart.o
    0x08027ce8   0x08027ce8   0x000000b6   Code   RO         5093    i.UART_Receive_IT   stm32f1xx_hal_uart.o
    0x08027d9e   0x08027d9e   0x00000002   PAD
    0x08027da0   0x08027da0   0x000000b8   Code   RO         5094    i.UART_SetConfig    stm32f1xx_hal_uart.o
    0x08027e58   0x08027e58   0x00000070   Code   RO         5095    i.UART_Start_Receive_DMA  stm32f1xx_hal_uart.o
    0x08027ec8   0x08027ec8   0x00000064   Code   RO         5097    i.UART_WaitOnFlagUntilTimeout  stm32f1xx_hal_uart.o
    0x08027f2c   0x08027f2c   0x00000060   Code   RO         1209    i.USART1_IRQHandler  stm32f1xx_it.o
    0x08027f8c   0x08027f8c   0x00000058   Code   RO         1210    i.USART2_IRQHandler  stm32f1xx_it.o
    0x08027fe4   0x08027fe4   0x0000009c   Code   RO          827    i.Update_Task       freertos.o
    0x08028080   0x08028080   0x00000002   Code   RO         1211    i.UsageFault_Handler  stm32f1xx_it.o
    0x08028082   0x08028082   0x00000002   PAD
    0x08028084   0x08028084   0x0000001c   Code   RO         1844    i.User_Shell_Read   shell_port.o
    0x080280a0   0x080280a0   0x00000020   Code   RO         1845    i.User_Shell_Write  shell_port.o
    0x080280c0   0x080280c0   0x00000018   Code   RO          828    i.User_Timer_Callback  freertos.o
    0x080280d8   0x080280d8   0x00000028   Code   RO         7072    i.__ARM_fpclassify  m_ws.l(fpclassify.o)
    0x08028100   0x08028100   0x00000020   Code   RO         3037    i.__NVIC_SetPriority  stm32f1xx_hal_cortex.o
    0x08028120   0x08028120   0x0000000e   Code   RO         6932    i._is_digit         c_w.l(__printf_wp.o)
    0x0802812e   0x0802812e   0x00000002   PAD
    0x08028130   0x08028130   0x000000b8   Code   RO           60    i.getChargingState  charginghandle.o
    0x080281e8   0x080281e8   0x00000090   Code   RO           61    i.getMachineState   charginghandle.o
    0x08028278   0x08028278   0x0000000c   Code   RO         6300    i.inHandlerMode     cmsis_os.o
    0x08028284   0x08028284   0x0000006c   Code   RO         1369    i.kalmanFilter      tool.o
    0x080282f0   0x080282f0   0x000000a4   Code   RO          746    i.main              main.o
    0x08028394   0x08028394   0x0000000c   Code   RO         6302    i.makeFreeRtosPriority  cmsis_os.o
    0x080283a0   0x080283a0   0x0000000c   Code   RO         1905    i.mdClearReceiveBuffer  mdrecbuffer.o
    0x080283ac   0x080283ac   0x00000114   Code   RO         2094    i.mdCreateModbusRTUSlave  mdrtuslave.o
    0x080284c0   0x080284c0   0x00000022   Code   RO         1906    i.mdCreateReceiveBuffer  mdrecbuffer.o
    0x080284e2   0x080284e2   0x00000038   Code   RO         1935    i.mdCreateRegister  mdregpool.o
    0x0802851a   0x0802851a   0x00000002   PAD
    0x0802851c   0x0802851c   0x00000174   Code   RO         1936    i.mdCreateRegisterPool  mdregpool.o
    0x08028690   0x08028690   0x00000064   Code   RO         1938    i.mdFindRegisterByAddress  mdregpool.o
    0x080286f4   0x080286f4   0x00000034   Code   RO         1939    i.mdInsertRegister  mdregpool.o
    0x08028728   0x08028728   0x000000a2   Code   RO         2096    i.mdRTUCenterProcessor  mdrtuslave.o
    0x080287ca   0x080287ca   0x00000002   Code   RO         2097    i.mdRTUError        mdrtuslave.o
    0x080287cc   0x080287cc   0x000000b4   Code   RO         2098    i.mdRTUHandleCode1  mdrtuslave.o
    0x08028880   0x08028880   0x0000007a   Code   RO         2099    i.mdRTUHandleCode15  mdrtuslave.o
    0x080288fa   0x080288fa   0x00000076   Code   RO         2100    i.mdRTUHandleCode16  mdrtuslave.o
    0x08028970   0x08028970   0x000000b4   Code   RO         2101    i.mdRTUHandleCode2  mdrtuslave.o
    0x08028a24   0x08028a24   0x000000b2   Code   RO         2102    i.mdRTUHandleCode3  mdrtuslave.o
    0x08028ad6   0x08028ad6   0x000000b2   Code   RO         2103    i.mdRTUHandleCode4  mdrtuslave.o
    0x08028b88   0x08028b88   0x00000090   Code   RO         2104    i.mdRTUHandleCode46  mdrtuslave.o
    0x08028c18   0x08028c18   0x0000002c   Code   RO         2105    i.mdRTUHandleCode5  mdrtuslave.o
    0x08028c44   0x08028c44   0x00000028   Code   RO         2106    i.mdRTUHandleCode6  mdrtuslave.o
    0x08028c6c   0x08028c6c   0x00000002   Code   RO         2107    i.mdRTUHook         mdrtuslave.o
    0x08028c6e   0x08028c6e   0x0000000a   Code   RO         2108    i.mdRTUSendString   mdrtuslave.o
    0x08028c78   0x08028c78   0x00000040   Code   RO         1940    i.mdReadBit         mdregpool.o
    0x08028cb8   0x08028cb8   0x0000002a   Code   RO         1941    i.mdReadBits        mdregpool.o
    0x08028ce2   0x08028ce2   0x0000001a   Code   RO         1942    i.mdReadCoil        mdregpool.o
    0x08028cfc   0x08028cfc   0x0000003c   Code   RO         1943    i.mdReadCoils       mdregpool.o
    0x08028d38   0x08028d38   0x00000010   Code   RO         1944    i.mdReadHoldRegister  mdregpool.o
    0x08028d48   0x08028d48   0x00000012   Code   RO         1945    i.mdReadHoldRegisters  mdregpool.o
    0x08028d5a   0x08028d5a   0x0000001e   Code   RO         1946    i.mdReadInputCoil   mdregpool.o
    0x08028d78   0x08028d78   0x00000040   Code   RO         1947    i.mdReadInputCoils  mdregpool.o
    0x08028db8   0x08028db8   0x00000010   Code   RO         1948    i.mdReadInputRegister  mdregpool.o
    0x08028dc8   0x08028dc8   0x00000012   Code   RO         1949    i.mdReadInputRegisters  mdregpool.o
    0x08028dda   0x08028dda   0x0000001c   Code   RO         1950    i.mdReadU16         mdregpool.o
    0x08028df6   0x08028df6   0x0000002a   Code   RO         1951    i.mdReadU16s        mdregpool.o
    0x08028e20   0x08028e20   0x0000001e   Code   RO         2109    i.mdU16Swap         mdrtuslave.o
    0x08028e3e   0x08028e3e   0x00000060   Code   RO         1952    i.mdWriteBit        mdregpool.o
    0x08028e9e   0x08028e9e   0x00000002   PAD
    0x08028ea0   0x08028ea0   0x0000002c   Code   RO         1953    i.mdWriteBits       mdregpool.o
    0x08028ecc   0x08028ecc   0x0000000a   Code   RO         1954    i.mdWriteCoil       mdregpool.o
    0x08028ed6   0x08028ed6   0x00000002   PAD
    0x08028ed8   0x08028ed8   0x00000036   Code   RO         1955    i.mdWriteCoils      mdregpool.o
    0x08028f0e   0x08028f0e   0x00000010   Code   RO         1956    i.mdWriteHoldRegister  mdregpool.o
    0x08028f1e   0x08028f1e   0x00000012   Code   RO         1957    i.mdWriteHoldRegisters  mdregpool.o
    0x08028f30   0x08028f30   0x00000012   Code   RO         1958    i.mdWriteInputCoil  mdregpool.o
    0x08028f42   0x08028f42   0x00000002   PAD
    0x08028f44   0x08028f44   0x0000003a   Code   RO         1959    i.mdWriteInputCoils  mdregpool.o
    0x08028f7e   0x08028f7e   0x00000010   Code   RO         1960    i.mdWriteInputRegister  mdregpool.o
    0x08028f8e   0x08028f8e   0x00000012   Code   RO         1961    i.mdWriteInputRegisters  mdregpool.o
    0x08028fa0   0x08028fa0   0x00000034   Code   RO         1962    i.mdWriteU16        mdregpool.o
    0x08028fd4   0x08028fd4   0x0000002c   Code   RO         1963    i.mdWriteU16s       mdregpool.o
    0x08029000   0x08029000   0x00000018   Code   RO         1078    i.myRtc_Get_DateTime  rtc.o
    0x08029018   0x08029018   0x0000000e   Code   RO         6304    i.osDelay           cmsis_os.o
    0x08029026   0x08029026   0x0000000a   Code   RO         6307    i.osKernelStart     cmsis_os.o
    0x08029030   0x08029030   0x00000010   Code   RO         6322    i.osMutexCreate     cmsis_os.o
    0x08029040   0x08029040   0x00000004   Code   RO         6331    i.osRecursiveMutexRelease  cmsis_os.o
    0x08029044   0x08029044   0x00000004   Code   RO         6332    i.osRecursiveMutexWait  cmsis_os.o
    0x08029048   0x08029048   0x0000003e   Code   RO         6333    i.osSemaphoreCreate  cmsis_os.o
    0x08029086   0x08029086   0x00000002   PAD
    0x08029088   0x08029088   0x00000050   Code   RO         6336    i.osSemaphoreRelease  cmsis_os.o
    0x080290d8   0x080290d8   0x00000064   Code   RO         6337    i.osSemaphoreWait   cmsis_os.o
    0x0802913c   0x0802913c   0x00000054   Code   RO         6341    i.osThreadCreate    cmsis_os.o
    0x08029190   0x08029190   0x00000040   Code   RO         6352    i.osTimerCreate     cmsis_os.o
    0x080291d0   0x080291d0   0x0000005c   Code   RO         6354    i.osTimerStart      cmsis_os.o
    0x0802922c   0x0802922c   0x0000001c   Code   RO         2110    i.popchar           mdrtuslave.o
    0x08029248   0x08029248   0x00000018   Code   RO         2111    i.portRtuTimerTick  mdrtuslave.o
    0x08029260   0x08029260   0x00000070   Code   RO         5872    i.prvAddCurrentTaskToDelayedList  tasks.o
    0x080292d0   0x080292d0   0x000000d0   Code   RO         5873    i.prvAddNewTaskToReadyList  tasks.o
    0x080293a0   0x080293a0   0x00000058   Code   RO         6171    i.prvCheckForValidListAndQueue  timers.o
    0x080293f8   0x080293f8   0x00000026   Code   RO         5563    i.prvCopyDataFromQueue  queue.o
    0x0802941e   0x0802941e   0x0000006c   Code   RO         5564    i.prvCopyDataToQueue  queue.o
    0x0802948a   0x0802948a   0x00000034   Code   RO         5874    i.prvDeleteTCB      tasks.o
    0x080294be   0x080294be   0x00000002   PAD
    0x080294c0   0x080294c0   0x0000004c   Code   RO         6669    i.prvHeapInit       heap_4.o
    0x0802950c   0x0802950c   0x00000060   Code   RO         5875    i.prvIdleTask       tasks.o
    0x0802956c   0x0802956c   0x00000016   Code   RO         5565    i.prvInitialiseMutex  queue.o
    0x08029582   0x08029582   0x00000016   Code   RO         5566    i.prvInitialiseNewQueue  queue.o
    0x08029598   0x08029598   0x0000008e   Code   RO         5876    i.prvInitialiseNewTask  tasks.o
    0x08029626   0x08029626   0x00000044   Code   RO         6172    i.prvInitialiseNewTimer  timers.o
    0x0802966a   0x0802966a   0x00000002   PAD
    0x0802966c   0x0802966c   0x0000004c   Code   RO         6670    i.prvInsertBlockIntoFreeList  heap_4.o
    0x080296b8   0x080296b8   0x00000038   Code   RO         6173    i.prvInsertTimerInActiveList  timers.o
    0x080296f0   0x080296f0   0x0000001c   Code   RO         5567    i.prvIsQueueEmpty   queue.o
    0x0802970c   0x0802970c   0x000000bc   Code   RO         6174    i.prvProcessReceivedCommands  timers.o
    0x080297c8   0x080297c8   0x000000b4   Code   RO         6175    i.prvProcessTimerOrBlockTask  timers.o
    0x0802987c   0x0802987c   0x00000020   Code   RO         5877    i.prvResetNextTaskUnblockTime  tasks.o
    0x0802989c   0x0802989c   0x00000028   Code   RO         6176    i.prvSampleTimeNow  timers.o
    0x080298c4   0x080298c4   0x0000006c   Code   RO         6177    i.prvSwitchTimerLists  timers.o
    0x08029930   0x08029930   0x00000028   Code   RO         6720    i.prvTaskExitError  port.o
    0x08029958   0x08029958   0x00000024   Code   RO         6178    i.prvTimerTask      timers.o
    0x0802997c   0x0802997c   0x0000006a   Code   RO         5568    i.prvUnlockQueue    queue.o
    0x080299e6   0x080299e6   0x00000002   PAD
    0x080299e8   0x080299e8   0x000000d8   Code   RO         6671    i.pvPortMalloc      heap_4.o
    0x08029ac0   0x08029ac0   0x00000018   Code   RO         5879    i.pvTaskIncrementMutexHeldCount  tasks.o
    0x08029ad8   0x08029ad8   0x00000024   Code   RO         6721    i.pxPortInitialiseStack  port.o
    0x08029afc   0x08029afc   0x00000006   Code   RO         1403    i.shellBackspace    shell.o
    0x08029b02   0x08029b02   0x0000002e   Code   RO         1404    i.shellCheckPermission  shell.o
    0x08029b30   0x08029b30   0x0000001c   Code   RO         1405    i.shellClear        shell.o
    0x08029b4c   0x08029b4c   0x00000030   Code   RO         1406    i.shellClearCommandLine  shell.o
    0x08029b7c   0x08029b7c   0x00000014   Code   RO         1407    i.shellCmds         shell.o
    0x08029b90   0x08029b90   0x00000008   Code   RO         1408    i.shellDelete       shell.o
    0x08029b98   0x08029b98   0x000000d6   Code   RO         1409    i.shellDeleteByte   shell.o
    0x08029c6e   0x08029c6e   0x00000002   PAD
    0x08029c70   0x08029c70   0x0000001c   Code   RO         1410    i.shellDeleteCommandLine  shell.o
    0x08029c8c   0x08029c8c   0x00000008   Code   RO         1411    i.shellDown         shell.o
    0x08029c94   0x08029c94   0x00000014   Code   RO         1412    i.shellEnter        shell.o
    0x08029ca8   0x08029ca8   0x00000090   Code   RO         1413    i.shellExec         shell.o
    0x08029d38   0x08029d38   0x00000050   Code   RO         1414    i.shellExecute      shell.o
    0x08029d88   0x08029d88   0x0000003c   Code   RO         1812    i.shellExtParseChar  shell_ext.o
    0x08029dc4   0x08029dc4   0x00000112   Code   RO         1813    i.shellExtParseNumber  shell_ext.o
    0x08029ed6   0x08029ed6   0x000000a0   Code   RO         1814    i.shellExtParsePara  shell_ext.o
    0x08029f76   0x08029f76   0x000000c6   Code   RO         1815    i.shellExtRun       shell_ext.o
    0x0802a03c   0x0802a03c   0x00000004   Code   RO         1415    i.shellGetCommandDesc  shell.o
    0x0802a040   0x0802a040   0x00000038   Code   RO         1416    i.shellGetCommandName  shell.o
    0x0802a078   0x0802a078   0x00000028   Code   RO         1417    i.shellGetCurrent   shell.o
    0x0802a0a0   0x0802a0a0   0x0000003e   Code   RO         1418    i.shellGetVarValue  shell.o
    0x0802a0de   0x0802a0de   0x00000028   Code   RO         1420    i.shellHelp         shell.o
    0x0802a106   0x0802a106   0x00000098   Code   RO         1421    i.shellHistory      shell.o
    0x0802a19e   0x0802a19e   0x00000068   Code   RO         1422    i.shellHistoryAdd   shell.o
    0x0802a206   0x0802a206   0x00000002   PAD
    0x0802a208   0x0802a208   0x0000009c   Code   RO         1423    i.shellInit         shell.o
    0x0802a2a4   0x0802a2a4   0x00000014   Code   RO         1425    i.shellKeys         shell.o
    0x0802a2b8   0x0802a2b8   0x00000020   Code   RO         1426    i.shellLeft         shell.o
    0x0802a2d8   0x0802a2d8   0x00000012   Code   RO         1427    i.shellListAll      shell.o
    0x0802a2ea   0x0802a2ea   0x00000002   PAD
    0x0802a2ec   0x0802a2ec   0x0000004c   Code   RO         1428    i.shellListCommand  shell.o
    0x0802a338   0x0802a338   0x000000f4   Code   RO         1429    i.shellListItem     shell.o
    0x0802a42c   0x0802a42c   0x00000050   Code   RO         1430    i.shellListKey      shell.o
    0x0802a47c   0x0802a47c   0x00000050   Code   RO         1431    i.shellListUser     shell.o
    0x0802a4cc   0x0802a4cc   0x00000050   Code   RO         1432    i.shellListVar      shell.o
    0x0802a51c   0x0802a51c   0x00000078   Code   RO         1434    i.shellParserParam  shell.o
    0x0802a594   0x0802a594   0x00000026   Code   RO         1435    i.shellPrint        shell.o
    0x0802a5ba   0x0802a5ba   0x00000020   Code   RO         1436    i.shellRight        shell.o
    0x0802a5da   0x0802a5da   0x00000002   PAD
    0x0802a5dc   0x0802a5dc   0x000000b8   Code   RO         1438    i.shellRunCommand   shell.o
    0x0802a694   0x0802a694   0x0000006e   Code   RO         1439    i.shellSeekCommand  shell.o
    0x0802a702   0x0802a702   0x00000002   PAD
    0x0802a704   0x0802a704   0x00000060   Code   RO         1440    i.shellSetUser      shell.o
    0x0802a764   0x0802a764   0x00000058   Code   RO         1441    i.shellSetVar       shell.o
    0x0802a7bc   0x0802a7bc   0x00000070   Code   RO         1442    i.shellSetVarValue  shell.o
    0x0802a82c   0x0802a82c   0x000000b0   Code   RO         1443    i.shellShowVar      shell.o
    0x0802a8dc   0x0802a8dc   0x00000024   Code   RO         1444    i.shellStringCompare  shell.o
    0x0802a900   0x0802a900   0x00000018   Code   RO         1445    i.shellStringCopy   shell.o
    0x0802a918   0x0802a918   0x00000148   Code   RO         1446    i.shellTab          shell.o
    0x0802aa60   0x0802aa60   0x0000004c   Code   RO         1448    i.shellToDec        shell.o
    0x0802aaac   0x0802aaac   0x0000002a   Code   RO         1449    i.shellToHex        shell.o
    0x0802aad6   0x0802aad6   0x00000006   Code   RO         1450    i.shellUp           shell.o
    0x0802aadc   0x0802aadc   0x00000014   Code   RO         1451    i.shellUsers        shell.o
    0x0802aaf0   0x0802aaf0   0x00000014   Code   RO         1452    i.shellVars         shell.o
    0x0802ab04   0x0802ab04   0x00000058   Code   RO         1453    i.shellWriteCommandHelp  shell.o
    0x0802ab5c   0x0802ab5c   0x0000005c   Code   RO         1455    i.shellWritePrompt  shell.o
    0x0802abb8   0x0802abb8   0x00000080   Code   RO         1456    i.shellWriteReturnValue  shell.o
    0x0802ac38   0x0802ac38   0x00000026   Code   RO         1457    i.shellWriteString  shell.o
    0x0802ac5e   0x0802ac5e   0x00000002   PAD
    0x0802ac60   0x0802ac60   0x000000b4   Code   RO         1079    i.time2Stamp        rtc.o
    0x0802ad14   0x0802ad14   0x00000018   Code   RO         1846    i.userShellLock     shell_port.o
    0x0802ad2c   0x0802ad2c   0x00000014   Code   RO         1847    i.userShellUnlock   shell_port.o
    0x0802ad40   0x0802ad40   0x00000026   Code   RO         5526    i.uxListRemove      list.o
    0x0802ad66   0x0802ad66   0x00000002   PAD
    0x0802ad68   0x0802ad68   0x00000018   Code   RO          829    i.vApplicationGetIdleTaskMemory  freertos.o
    0x0802ad80   0x0802ad80   0x00000018   Code   RO          830    i.vApplicationGetTimerTaskMemory  freertos.o
    0x0802ad98   0x0802ad98   0x00000016   Code   RO         5527    i.vListInitialise   list.o
    0x0802adae   0x0802adae   0x00000006   Code   RO         5528    i.vListInitialiseItem  list.o
    0x0802adb4   0x0802adb4   0x00000030   Code   RO         5529    i.vListInsert       list.o
    0x0802ade4   0x0802ade4   0x00000018   Code   RO         5530    i.vListInsertEnd    list.o
    0x0802adfc   0x0802adfc   0x00000040   Code   RO         6723    i.vPortEnterCritical  port.o
    0x0802ae3c   0x0802ae3c   0x00000028   Code   RO         6724    i.vPortExitCritical  port.o
    0x0802ae64   0x0802ae64   0x0000005c   Code   RO         6672    i.vPortFree         heap_4.o
    0x0802aec0   0x0802aec0   0x00000024   Code   RO         6725    i.vPortSetupTimerInterrupt  port.o
    0x0802aee4   0x0802aee4   0x00000054   Code   RO         6726    i.vPortValidateInterruptPriority  port.o
    0x0802af38   0x0802af38   0x00000028   Code   RO         5572    i.vQueueAddToRegistry  queue.o
    0x0802af60   0x0802af60   0x00000044   Code   RO         5575    i.vQueueWaitForMessageRestricted  queue.o
    0x0802afa4   0x0802afa4   0x0000004c   Code   RO         5885    i.vTaskDelay        tasks.o
    0x0802aff0   0x0802aff0   0x00000010   Code   RO         5888    i.vTaskInternalSetTimeOutState  tasks.o
    0x0802b000   0x0802b000   0x0000000c   Code   RO         5889    i.vTaskMissedYield  tasks.o
    0x0802b00c   0x0802b00c   0x00000030   Code   RO         5891    i.vTaskPlaceOnEventList  tasks.o
    0x0802b03c   0x0802b03c   0x00000038   Code   RO         5892    i.vTaskPlaceOnEventListRestricted  tasks.o
    0x0802b074   0x0802b074   0x000000a8   Code   RO         5894    i.vTaskPriorityDisinheritAfterTimeout  tasks.o
    0x0802b11c   0x0802b11c   0x00000088   Code   RO         5899    i.vTaskStartScheduler  tasks.o
    0x0802b1a4   0x0802b1a4   0x00000010   Code   RO         5901    i.vTaskSuspendAll   tasks.o
    0x0802b1b4   0x0802b1b4   0x0000005c   Code   RO         5902    i.vTaskSwitchContext  tasks.o
    0x0802b210   0x0802b210   0x000000a8   Code   RO         6727    i.xPortStartScheduler  port.o
    0x0802b2b8   0x0802b2b8   0x00000016   Code   RO         5576    i.xQueueCreateMutex  queue.o
    0x0802b2ce   0x0802b2ce   0x0000001a   Code   RO         5577    i.xQueueCreateMutexStatic  queue.o
    0x0802b2e8   0x0802b2e8   0x00000048   Code   RO         5578    i.xQueueGenericCreate  queue.o
    0x0802b330   0x0802b330   0x00000066   Code   RO         5579    i.xQueueGenericCreateStatic  queue.o
    0x0802b396   0x0802b396   0x00000002   PAD
    0x0802b398   0x0802b398   0x00000088   Code   RO         5580    i.xQueueGenericReset  queue.o
    0x0802b420   0x0802b420   0x00000160   Code   RO         5581    i.xQueueGenericSend  queue.o
    0x0802b580   0x0802b580   0x000000bc   Code   RO         5582    i.xQueueGenericSendFromISR  queue.o
    0x0802b63c   0x0802b63c   0x0000009c   Code   RO         5583    i.xQueueGiveFromISR  queue.o
    0x0802b6d8   0x0802b6d8   0x00000138   Code   RO         5588    i.xQueueReceive     queue.o
    0x0802b810   0x0802b810   0x0000009a   Code   RO         5589    i.xQueueReceiveFromISR  queue.o
    0x0802b8aa   0x0802b8aa   0x00000002   PAD
    0x0802b8ac   0x0802b8ac   0x00000178   Code   RO         5590    i.xQueueSemaphoreTake  queue.o
    0x0802ba24   0x0802ba24   0x00000074   Code   RO         5903    i.xTaskCheckForTimeOut  tasks.o
    0x0802ba98   0x0802ba98   0x0000005a   Code   RO         5904    i.xTaskCreate       tasks.o
    0x0802baf2   0x0802baf2   0x00000056   Code   RO         5905    i.xTaskCreateStatic  tasks.o
    0x0802bb48   0x0802bb48   0x0000001c   Code   RO         5909    i.xTaskGetSchedulerState  tasks.o
    0x0802bb64   0x0802bb64   0x0000000c   Code   RO         5910    i.xTaskGetTickCount  tasks.o
    0x0802bb70   0x0802bb70   0x000000c8   Code   RO         5912    i.xTaskIncrementTick  tasks.o
    0x0802bc38   0x0802bc38   0x00000098   Code   RO         5915    i.xTaskPriorityDisinherit  tasks.o
    0x0802bcd0   0x0802bcd0   0x00000094   Code   RO         5916    i.xTaskPriorityInherit  tasks.o
    0x0802bd64   0x0802bd64   0x00000074   Code   RO         5917    i.xTaskRemoveFromEventList  tasks.o
    0x0802bdd8   0x0802bdd8   0x000000c4   Code   RO         5918    i.xTaskResumeAll    tasks.o
    0x0802be9c   0x0802be9c   0x00000034   Code   RO         6181    i.xTimerCreate      timers.o
    0x0802bed0   0x0802bed0   0x0000002e   Code   RO         6182    i.xTimerCreateStatic  timers.o
    0x0802befe   0x0802befe   0x00000002   PAD
    0x0802bf00   0x0802bf00   0x00000060   Code   RO         6183    i.xTimerCreateTimerTask  timers.o
    0x0802bf60   0x0802bf60   0x00000060   Code   RO         6184    i.xTimerGenericCommand  timers.o
    0x0802bfc0   0x0802bfc0   0x0000002c   Code   RO         7058    locale$$code        c_w.l(lc_numeric_c.o)
    0x0802bfec   0x0802bfec   0x0000002c   Code   RO         7080    locale$$code        c_w.l(lc_ctype_c.o)
    0x0802c018   0x0802c018   0x00000010   Code   RO         6965    x$fpl$dcheck1       fz_ws.l(dcheck1.o)
    0x0802c028   0x0802c028   0x000002b0   Code   RO         6822    x$fpl$ddiv          fz_ws.l(ddiv.o)
    0x0802c2d8   0x0802c2d8   0x0000005e   Code   RO         6825    x$fpl$dfix          fz_ws.l(dfix.o)
    0x0802c336   0x0802c336   0x00000002   PAD
    0x0802c338   0x0802c338   0x0000005a   Code   RO         6829    x$fpl$dfixu         fz_ws.l(dfixu.o)
    0x0802c392   0x0802c392   0x00000026   Code   RO         6833    x$fpl$dfltu         fz_ws.l(dflt_clz.o)
    0x0802c3b8   0x0802c3b8   0x0000009c   Code   RO         6967    x$fpl$dnaninf       fz_ws.l(dnaninf.o)
    0x0802c454   0x0802c454   0x0000000c   Code   RO         6969    x$fpl$dretinf       fz_ws.l(dretinf.o)
    0x0802c460   0x0802c460   0x00000056   Code   RO         6839    x$fpl$f2d           fz_ws.l(f2d.o)
    0x0802c4b6   0x0802c4b6   0x00000002   PAD
    0x0802c4b8   0x0802c4b8   0x000000c4   Code   RO         6841    x$fpl$fadd          fz_ws.l(faddsub_clz.o)
    0x0802c57c   0x0802c57c   0x00000018   Code   RO         6971    x$fpl$fcmpinf       fz_ws.l(fcmpi.o)
    0x0802c594   0x0802c594   0x00000184   Code   RO         6848    x$fpl$fdiv          fz_ws.l(fdiv.o)
    0x0802c718   0x0802c718   0x00000068   Code   RO         6851    x$fpl$feqf          fz_ws.l(feqf.o)
    0x0802c780   0x0802c780   0x0000003e   Code   RO         6853    x$fpl$ffixu         fz_ws.l(ffixu.o)
    0x0802c7be   0x0802c7be   0x00000002   PAD
    0x0802c7c0   0x0802c7c0   0x00000030   Code   RO         6858    x$fpl$fflt          fz_ws.l(fflt_clz.o)
    0x0802c7f0   0x0802c7f0   0x00000026   Code   RO         6857    x$fpl$ffltu         fz_ws.l(fflt_clz.o)
    0x0802c816   0x0802c816   0x00000002   PAD
    0x0802c818   0x0802c818   0x00000068   Code   RO         6863    x$fpl$fleqf         fz_ws.l(fleqf.o)
    0x0802c880   0x0802c880   0x00000102   Code   RO         6865    x$fpl$fmul          fz_ws.l(fmul.o)
    0x0802c982   0x0802c982   0x0000008c   Code   RO         6973    x$fpl$fnaninf       fz_ws.l(fnaninf.o)
    0x0802ca0e   0x0802ca0e   0x0000000a   Code   RO         6975    x$fpl$fretinf       fz_ws.l(fretinf.o)
    0x0802ca18   0x0802ca18   0x00000062   Code   RO         6867    x$fpl$frleqf        fz_ws.l(frleqf.o)
    0x0802ca7a   0x0802ca7a   0x00000002   PAD
    0x0802ca7c   0x0802ca7c   0x000000ea   Code   RO         6843    x$fpl$fsub          fz_ws.l(faddsub_clz.o)
    0x0802cb66   0x0802cb66   0x00000004   Code   RO         6977    x$fpl$printf1       fz_ws.l(printf1.o)
    0x0802cb6a   0x0802cb6a   0x00000004   Code   RO         6979    x$fpl$printf2       fz_ws.l(printf2.o)
    0x0802cb6e   0x0802cb6e   0x00000064   Code   RO         7019    x$fpl$retnan        fz_ws.l(retnan.o)
    0x0802cbd2   0x0802cbd2   0x0000005c   Code   RO         6869    x$fpl$scalbn        fz_ws.l(scalbn.o)
    0x0802cc2e   0x0802cc2e   0x00000030   Code   RO         7070    x$fpl$trapveneer    fz_ws.l(trapv.o)
    0x0802cc5e   0x0802cc5e   0x00000000   Code   RO         6985    x$fpl$usenofp       fz_ws.l(usenofp.o)
    0x0802cc5e   0x0802cc5e   0x00000002   PAD
    0x0802cc60   0x0802cc60   0x000000d4   Data   RO           64    .constdata          charginghandle.o
    0x0802cd34   0x0802cd34   0x000000b8   Data   RO          832    .constdata          freertos.o
    0x0802cdec   0x0802cdec   0x00000018   Data   RO         1081    .constdata          rtc.o
    0x0802ce04   0x0802ce04   0x00000004   Data   RO         1459    .constdata          shell.o
    0x0802ce08   0x0802ce08   0x00000001   Data   RO         1460    .constdata          shell.o
    0x0802ce09   0x0802ce09   0x0000000d   Data   RO         1461    .constdata          shell.o
    0x0802ce16   0x0802ce16   0x00000007   Data   RO         1462    .constdata          shell.o
    0x0802ce1d   0x0802ce1d   0x00000008   Data   RO         1463    .constdata          shell.o
    0x0802ce25   0x0802ce25   0x00000003   Data   RO         1464    .constdata          shell.o
    0x0802ce28   0x0802ce28   0x00000005   Data   RO         1465    .constdata          shell.o
    0x0802ce2d   0x0802ce2d   0x00000006   Data   RO         1466    .constdata          shell.o
    0x0802ce33   0x0802ce33   0x00000005   Data   RO         1467    .constdata          shell.o
    0x0802ce38   0x0802ce38   0x00000004   Data   RO         1468    .constdata          shell.o
    0x0802ce3c   0x0802ce3c   0x0000000a   Data   RO         1469    .constdata          shell.o
    0x0802ce46   0x0802ce46   0x0000000a   Data   RO         1470    .constdata          shell.o
    0x0802ce50   0x0802ce50   0x00000007   Data   RO         1471    .constdata          shell.o
    0x0802ce57   0x0802ce57   0x00000006   Data   RO         1472    .constdata          shell.o
    0x0802ce5d   0x0802ce5d   0x00000006   Data   RO         1473    .constdata          shell.o
    0x0802ce63   0x0802ce63   0x00000005   Data   RO         1474    .constdata          shell.o
    0x0802ce68   0x0802ce68   0x0000001d   Data   RO         1475    .constdata          shell.o
    0x0802ce85   0x0802ce85   0x00000006   Data   RO         1476    .constdata          shell.o
    0x0802ce8b   0x0802ce8b   0x0000000e   Data   RO         1477    .constdata          shell.o
    0x0802ce99   0x0802ce99   0x00000005   Data   RO         1478    .constdata          shell.o
    0x0802ce9e   0x0802ce9e   0x0000000d   Data   RO         1479    .constdata          shell.o
    0x0802ceab   0x0802ceab   0x00000005   Data   RO         1480    .constdata          shell.o
    0x0802ceb0   0x0802ceb0   0x0000000d   Data   RO         1481    .constdata          shell.o
    0x0802cebd   0x0802cebd   0x00000005   Data   RO         1482    .constdata          shell.o
    0x0802cec2   0x0802cec2   0x0000000d   Data   RO         1483    .constdata          shell.o
    0x0802cecf   0x0802cecf   0x00000006   Data   RO         1484    .constdata          shell.o
    0x0802ced5   0x0802ced5   0x0000000e   Data   RO         1485    .constdata          shell.o
    0x0802cee3   0x0802cee3   0x00000005   Data   RO         1486    .constdata          shell.o
    0x0802cee8   0x0802cee8   0x0000001b   Data   RO         1487    .constdata          shell.o
    0x0802cf03   0x0802cf03   0x00000001   PAD
    0x0802cf04   0x0802cf04   0x00000010   Data   RO         1488    .constdata          shell.o
    0x0802cf14   0x0802cf14   0x00000010   Data   RO         5398    .constdata          system_stm32f1xx.o
    0x0802cf24   0x0802cf24   0x00000008   Data   RO         5399    .constdata          system_stm32f1xx.o
    0x0802cf2c   0x0802cf2c   0x00000008   Data   RO         6891    .constdata          c_w.l(_printf_wctomb.o)
    0x0802cf34   0x0802cf34   0x00000028   Data   RO         6920    .constdata          c_w.l(_printf_hex_int_ll_ptr.o)
    0x0802cf5c   0x0802cf5c   0x00000011   Data   RO         6940    .constdata          c_w.l(__printf_flags_ss_wp.o)
    0x0802cf6d   0x0802cf6d   0x00000026   Data   RO         7008    .constdata          c_w.l(_printf_fp_hex.o)
    0x0802cf93   0x0802cf93   0x00000001   PAD
    0x0802cf94   0x0802cf94   0x00000094   Data   RO         7033    .constdata          c_w.l(bigflt0.o)
    0x0802d028   0x0802d028   0x00000033   Data   RO          833    .conststring        freertos.o
    0x0802d05b   0x0802d05b   0x00000001   PAD
    0x0802d05c   0x0802d05c   0x000002b9   Data   RO         1489    .conststring        shell.o
    0x0802d315   0x0802d315   0x00000003   PAD
    0x0802d318   0x0802d318   0x00000020   Data   RO         7204    Region$$Table       anon$$obj.o
    0x0802d338   0x0802d338   0x0000001c   Data   RO         7057    locale$$data        c_w.l(lc_numeric_c.o)
    0x0802d354   0x0802d354   0x00000110   Data   RO         7079    locale$$data        c_w.l(lc_ctype_c.o)
    0x0802d464   0x0802d464   0x00000130   Data   RO         1491    shellCommand        shell.o


    Execution Region RW_IRAM1 (Exec base: 0x20000000, Load base: 0x0802d594, Size: 0x0000afa0, Max: 0x0000c000, ABSOLUTE, COMPRESSED[0x0000014c])

    Exec Addr    Load Addr    Size         Type   Attr      Idx    E Section Name        Object

    0x20000000   COMPRESSED   0x000000c0   Data   RW           65    .data               charginghandle.o
    0x200000c0   COMPRESSED   0x000000bc   Data   RW          604    .data               dwin.o
    0x2000017c   COMPRESSED   0x0000002c   Data   RW          834    .data               freertos.o
    0x200001a8   COMPRESSED   0x00000007   Data   RW         1082    .data               rtc.o
    0x200001af   COMPRESSED   0x00000001   PAD
    0x200001b0   COMPRESSED   0x00000058   Data   RW         1490    .data               shell.o
    0x20000208   COMPRESSED   0x00000010   Data   RW         1964    .data               mdregpool.o
    0x20000218   COMPRESSED   0x00000008   Data   RW         2112    .data               mdrtuslave.o
    0x20000220   COMPRESSED   0x0000000c   Data   RW         2574    .data               stm32f1xx_hal.o
    0x2000022c   COMPRESSED   0x00000004   Data   RW         5400    .data               system_stm32f1xx.o
    0x20000230   COMPRESSED   0x0000003c   Data   RW         5921    .data               tasks.o
    0x2000026c   COMPRESSED   0x00000014   Data   RW         6190    .data               timers.o
    0x20000280   COMPRESSED   0x00000018   Data   RW         6677    .data               heap_4.o
    0x20000298   COMPRESSED   0x0000000c   Data   RW         6728    .data               port.o
    0x200002a4        -       0x00000058   Zero   RW           62    .bss                charginghandle.o
    0x200002fc        -       0x000000c4   Zero   RW          550    .bss                clibration.o
    0x200003c0        -       0x00000204   Zero   RW          603    .bss                dwin.o
    0x200005c4        -       0x000008a8   Zero   RW          831    .bss                freertos.o
    0x20000e6c        -       0x000000f4   Zero   RW          931    .bss                adc.o
    0x20000f60        -       0x00000014   Zero   RW          978    .bss                dac.o
    0x20000f74        -       0x0000000c   Zero   RW         1042    .bss                iwdg.o
    0x20000f80        -       0x00000014   Zero   RW         1080    .bss                rtc.o
    0x20000f94        -       0x00000198   Zero   RW         1154    .bss                usart.o
    0x2000112c        -       0x00000048   Zero   RW         1331    .bss                stm32f1xx_hal_timebase_tim.o
    0x20001174        -       0x0000001d   Zero   RW         1458    .bss                shell.o
    0x20001191   COMPRESSED   0x00000003   PAD
    0x20001194        -       0x00000074   Zero   RW         1848    .bss                shell_port.o
    0x20001208        -       0x00000200   Zero   RW         1849    .bss                shell_port.o
    0x20001408        -       0x00000020   Zero   RW         3278    .bss                stm32f1xx_hal_flash.o
    0x20001428        -       0x00000040   Zero   RW         5591    .bss                queue.o
    0x20001468        -       0x000000f0   Zero   RW         5920    .bss                tasks.o
    0x20001558        -       0x000000e8   Zero   RW         6189    .bss                timers.o
    0x20001640        -       0x00007800   Zero   RW         6676    .bss                heap_4.o
    0x20008e40        -       0x00000060   Zero   RW         7075    .bss                c_w.l(libspace.o)
    0x20008ea0        -       0x00000100   Zero   RW            2    HEAP                startup_stm32f103xe.o
    0x20008fa0        -       0x00002000   Zero   RW            1    STACK               startup_stm32f103xe.o


==============================================================================

Image component sizes


      Code (inc. data)   RO Data    RW Data    ZI Data      Debug   Object Name

       292         36          0          0        244       2432   adc.o
      3772        508        212        192         88     600789   charginghandle.o
       520        128          0          0        196       8478   clibration.o
       554         18          0          0          0      31976   cmsis_os.o
       148         22          0          0         20       1591   dac.o
       108          4          0          0          0        774   dma.o
       348         38          0        188        516       4614   dwin.o
         0          0          0          0          0      16660   event_groups.o
       192          8          0          0          0       2368   flash.o
       732         80        235         44       2216      33665   freertos.o
       308         20          0          0          0       1007   gpio.o
       460         24          0         24      30720       4619   heap_4.o
        44          8          0          0         12        691   iwdg.o
       138          0          0          0          0       3342   list.o
       322         40          0          0          0       2676   main.o
        46          0          0          0          0       2939   mdrecbuffer.o
      1448        108          0         16          0      19779   mdregpool.o
      1778         86          0          8          0      16901   mdrtuslave.o
       662         70          0         12          0      11065   port.o
      2328         24          0          0         64      21577   queue.o
       850         66         24          7         20       5388   rtc.o
      3748        218       1272         88         29      42778   shell.o
       692          8          0          0          0       5034   shell_ext.o
       152         44          0          0        628       3570   shell_port.o
        64         26        304          0       8448        804   startup_stm32f103xe.o
       100         18          0         12          0       5794   stm32f1xx_hal.o
      1138         60          0          0          0       8482   stm32f1xx_hal_adc.o
       158         14          0          0          0      28138   stm32f1xx_hal_cortex.o
       228          0          0          0          0       3298   stm32f1xx_hal_dac.o
      1236         52          0          0          0       5062   stm32f1xx_hal_dma.o
       392         46          0          0         32       4662   stm32f1xx_hal_flash.o
       240         26          0          0          0       3213   stm32f1xx_hal_flash_ex.o
       524         42          0          0          0       3503   stm32f1xx_hal_gpio.o
       102          0          0          0          0       1811   stm32f1xx_hal_iwdg.o
        72         10          0          0          0        854   stm32f1xx_hal_msp.o
        12          4          0          0          0        507   stm32f1xx_hal_pwr.o
      1336        110          0          0          0       5757   stm32f1xx_hal_rcc.o
       448         44          0          0          0       2541   stm32f1xx_hal_rcc_ex.o
       922         14          0          0          0       9268   stm32f1xx_hal_rtc.o
        32         10          0          0          0       1611   stm32f1xx_hal_rtc_ex.o
       706         40          0          0          0       6968   stm32f1xx_hal_tim.o
         4          0          0          0          0       1525   stm32f1xx_hal_tim_ex.o
       116         18          0          0         72       1395   stm32f1xx_hal_timebase_tim.o
      2168         38          0          0          0      18142   stm32f1xx_hal_uart.o
       268         68          0          0          0       7072   stm32f1xx_it.o
        16          8         24          4          0       1167   system_stm32f1xx.o
      2430        182          0         60        240      25329   tasks.o
      1054         78          0         20        232      29131   timers.o
       202          6          0          0          0       2325   tool.o
       532         48          0          0        408       2711   usart.o

    ----------------------------------------------------------------------
     34224       2520       2108        676      44188    1025783   Object Totals
         0          0         32          0          0          0   (incl. Generated)
        82          0          5          1          3          0   (incl. Padding)

    ----------------------------------------------------------------------

      Code (inc. data)   RO Data    RW Data    ZI Data      Debug   Library Member Name

        90          0          0          0          0          0   __dczerorl2.o
         8          0          0          0          0         68   __main.o
       392          4         17          0          0         92   __printf_flags_ss_wp.o
        14          0          0          0          0         68   __printf_wp.o
         0          0          0          0          0          0   __rtentry.o
        12          0          0          0          0          0   __rtentry2.o
         6          0          0          0          0          0   __rtentry4.o
        52          8          0          0          0          0   __scatter.o
        28          0          0          0          0          0   __scatter_zi.o
         6          0          0          0          0          0   _printf_a.o
         6          0          0          0          0          0   _printf_c.o
        44          0          0          0          0        108   _printf_char.o
        48          6          0          0          0         96   _printf_char_common.o
        40          0          0          0          0         68   _printf_charcount.o
         6          0          0          0          0          0   _printf_d.o
       120         16          0          0          0         92   _printf_dec.o
         6          0          0          0          0          0   _printf_e.o
         6          0          0          0          0          0   _printf_f.o
      1054          0          0          0          0        216   _printf_fp_dec.o
       764          8         38          0          0        100   _printf_fp_hex.o
       128         16          0          0          0         84   _printf_fp_infnan.o
         6          0          0          0          0          0   _printf_g.o
       148          4         40          0          0        160   _printf_hex_int_ll_ptr.o
         6          0          0          0          0          0   _printf_i.o
       178          0          0          0          0         88   _printf_intcommon.o
        10          0          0          0          0          0   _printf_l.o
         6          0          0          0          0          0   _printf_lc.o
        10          0          0          0          0          0   _printf_ll.o
         6          0          0          0          0          0   _printf_lld.o
         6          0          0          0          0          0   _printf_lli.o
         6          0          0          0          0          0   _printf_llo.o
         6          0          0          0          0          0   _printf_llu.o
         6          0          0          0          0          0   _printf_llx.o
       124         16          0          0          0         92   _printf_longlong_dec.o
         6          0          0          0          0          0   _printf_ls.o
         6          0          0          0          0          0   _printf_n.o
         6          0          0          0          0          0   _printf_o.o
       112         10          0          0          0        124   _printf_oct_int_ll.o
         6          0          0          0          0          0   _printf_p.o
        78          0          0          0          0        108   _printf_pad.o
         0          0          0          0          0          0   _printf_percent.o
         4          0          0          0          0          0   _printf_percent_end.o
         6          0          0          0          0          0   _printf_s.o
        82          0          0          0          0         80   _printf_str.o
        36          0          0          0          0         84   _printf_truncate.o
         6          0          0          0          0          0   _printf_u.o
        44          0          0          0          0        108   _printf_wchar.o
       188          6          8          0          0         92   _printf_wctomb.o
         6          0          0          0          0          0   _printf_x.o
        16          0          0          0          0         68   _snputc.o
        10          0          0          0          0         68   _sputc.o
        64          0          0          0          0         92   _wcrtomb.o
       228          4        148          0          0         96   bigflt0.o
      1936        128          0          0          0        672   btod.o
        18          0          0          0          0         80   exit.o
         6          0          0          0          0        152   heapauxi.o
         0          0          0          0          0          0   indicate_semi.o
        44         10        272          0          0         76   lc_ctype_c.o
        44         10         28          0          0         76   lc_numeric_c.o
         2          0          0          0          0          0   libinit.o
        30          0          0          0          0          0   libinit2.o
         2          0          0          0          0          0   libshutdown.o
         2          0          0          0          0          0   libshutdown2.o
         8          4          0          0         96         68   libspace.o
       138          0          0          0          0         80   lludiv10.o
        38          0          0          0          0         68   llushr.o
        16          4          0          0          0         76   rt_ctype_table.o
         8          4          0          0          0         68   rt_locale_intlibspace.o
        68          0          0          0          0         68   rt_memclr.o
        78          0          0          0          0         80   rt_memclr_w.o
       138          0          0          0          0         68   rt_memcpy_v6.o
       100          0          0          0          0         80   rt_memcpy_w.o
         2          0          0          0          0          0   rtexit.o
        10          0          0          0          0          0   rtexit2.o
       128          0          0          0          0         68   strcmpv7m.o
        62          0          0          0          0         76   strlen.o
       150          0          0          0          0         80   strncmp.o
        12          4          0          0          0         68   sys_exit.o
        74          0          0          0          0         80   sys_stackheap_outer.o
         2          0          0          0          0         68   use_no_semi.o
        52          4          0          0          0         80   vsnprintf.o
        16          4          0          0          0         68   dcheck1.o
       688        140          0          0          0        208   ddiv.o
        94          4          0          0          0         92   dfix.o
        90          4          0          0          0         92   dfixu.o
        38          0          0          0          0         68   dflt_clz.o
       156          4          0          0          0         92   dnaninf.o
        12          0          0          0          0         68   dretinf.o
        86          4          0          0          0         84   f2d.o
       430          8          0          0          0        168   faddsub_clz.o
        24          0          0          0          0         68   fcmpi.o
       388         76          0          0          0         96   fdiv.o
       104          4          0          0          0         84   feqf.o
        62          4          0          0          0         84   ffixu.o
        86          0          0          0          0        136   fflt_clz.o
       104          4          0          0          0         84   fleqf.o
       258          4          0          0          0         84   fmul.o
       140          4          0          0          0         84   fnaninf.o
        10          0          0          0          0         68   fretinf.o
        98          0          0          0          0         68   frleqf.o
         4          0          0          0          0         68   printf1.o
         4          0          0          0          0         68   printf2.o
       100          0          0          0          0         68   retnan.o
        92          0          0          0          0         68   scalbn.o
        48          0          0          0          0         68   trapv.o
         0          0          0          0          0          0   usenofp.o
        40          0          0          0          0         68   fpclassify.o

    ----------------------------------------------------------------------
     10624        530        552          0         96       6688   Library Totals
        32          0          1          0          0          0   (incl. Padding)

    ----------------------------------------------------------------------

      Code (inc. data)   RO Data    RW Data    ZI Data      Debug   Library Name

      7420        266        551          0         96       4484   c_w.l
      3132        264          0          0          0       2136   fz_ws.l
        40          0          0          0          0         68   m_ws.l

    ----------------------------------------------------------------------
     10624        530        552          0         96       6688   Library Totals

    ----------------------------------------------------------------------

==============================================================================


      Code (inc. data)   RO Data    RW Data    ZI Data      Debug   

     44848       3050       2660        676      44284    1007507   Grand Totals
     44848       3050       2660        332      44284    1007507   ELF Image Totals (compressed)
     44848       3050       2660        332          0          0   ROM Totals

==============================================================================

    Total RO  Size (Code + RO Data)                47508 (  46.39kB)
    Total RW  Size (RW Data + ZI Data)             44960 (  43.91kB)
    Total ROM Size (Code + RO Data + RW Data)      47840 (  46.72kB)

==============================================================================

